<?xml version="1.0" encoding="UTF-8"?>
<TestRun id="6eaa7360-7af5-484e-9caf-d46d09c5587b" name="chrisna@TIANCOMP 2012-05-24 22:00:04" runUser="TIANCOMP\chrisna" xmlns="http://microsoft.com/schemas/VisualStudio/TeamTest/2010">
  <TestSettings name="Local" id="3df5505e-b0c9-4ce6-83fc-f06cb2fb1d4f">
    <Description>These are default test settings for a local test run.</Description>
    <Deployment enabled="false" runDeploymentRoot="chrisna_TIANCOMP 2012-05-24 22_00_04">
      <DeploymentItem filename="D:\TIAN\KULIAH\SEMESTER 6\MPPL\FP\mppl\mppl\itextsharp.xtra.dll" />
      <DeploymentItem filename="D:\TIAN\KULIAH\SEMESTER 6\MPPL\FP\mppl\mppl\bin\mppl.dll" />
      <DeploymentItem filename="D:\TIAN\KULIAH\SEMESTER 6\MPPL\FP\mppl\mppl\itextsharp.dll" />
    </Deployment>
    <Execution>
      <TestTypeSpecific />
      <AgentRule name="Execution Agents">
      </AgentRule>
    </Execution>
  </TestSettings>
  <Times creation="2012-05-24T22:00:04.7047848+07:00" queuing="2012-05-24T22:00:12.5372328+07:00" start="2012-05-24T22:00:12.5752350+07:00" finish="2012-05-24T22:00:16.3914533+07:00" />
  <ResultSummary outcome="Failed">
    <Counters total="5" executed="5" passed="2" error="0" failed="3" timeout="0" aborted="0" inconclusive="0" passedButRunAborted="0" notRunnable="0" notExecuted="0" disconnected="0" warning="0" completed="0" inProgress="0" pending="0" />
  </ResultSummary>
  <TestDefinitions>
    <UnitTest name="rollHashRightTest" storage="d:\tian\kuliah\semester 6\mppl\fp\mppl\testproject2\bin\debug\testproject2.dll" id="d0be2a1b-146a-63d1-0134-b0aaacded6df">
      <Execution id="16151c0f-e558-4ddb-b138-927ce4257de9" />
      <TestMethod codeBase="D:/TIAN/KULIAH/SEMESTER 6/MPPL/FP/mppl/TestProject2/bin/Debug/TestProject2.DLL" adapterTypeName="Microsoft.VisualStudio.TestTools.TestTypes.Unit.UnitTestAdapter, Microsoft.VisualStudio.QualityTools.Tips.UnitTest.Adapter, Version=10.0.0.0, Culture=neutral, PublicKeyToken=b03f5f7f11d50a3a" className="TestProject2.WinnowingTest, TestProject2, Version=1.0.0.0, Culture=neutral, PublicKeyToken=null" name="rollHashRightTest" />
      <AspNet webSiteUrl="http://localhost:1904/">
        <Host pathToWebApp="D:\TIAN\KULIAH\SEMESTER 6\MPPL\FP\mppl\mppl" webAppRoot="/" />
      </AspNet>
    </UnitTest>
    <UnitTest name="getFingerprintTest" storage="d:\tian\kuliah\semester 6\mppl\fp\mppl\testproject2\bin\debug\testproject2.dll" id="69773ab7-eeed-a849-da98-e2f091e54fb2">
      <Execution id="703c3447-a05d-4d0b-9137-bf4fa9df0a1e" />
      <TestMethod codeBase="D:/TIAN/KULIAH/SEMESTER 6/MPPL/FP/mppl/TestProject2/bin/Debug/TestProject2.DLL" adapterTypeName="Microsoft.VisualStudio.TestTools.TestTypes.Unit.UnitTestAdapter, Microsoft.VisualStudio.QualityTools.Tips.UnitTest.Adapter, Version=10.0.0.0, Culture=neutral, PublicKeyToken=b03f5f7f11d50a3a" className="TestProject2.WinnowingTest, TestProject2, Version=1.0.0.0, Culture=neutral, PublicKeyToken=null" name="getFingerprintTest" />
      <AspNet webSiteUrl="http://localhost:1904/">
        <Host pathToWebApp="D:\TIAN\KULIAH\SEMESTER 6\MPPL\FP\mppl\mppl" webAppRoot="/" />
      </AspNet>
    </UnitTest>
    <UnitTest name="WinnowingConstructorTest" storage="d:\tian\kuliah\semester 6\mppl\fp\mppl\testproject2\bin\debug\testproject2.dll" id="64ad4b4e-ba6f-e06b-11be-8345bb24fabf">
      <Execution id="27ed5752-eb87-4cde-aadc-cc9a4e9115d4" />
      <TestMethod codeBase="D:/TIAN/KULIAH/SEMESTER 6/MPPL/FP/mppl/TestProject2/bin/Debug/TestProject2.DLL" adapterTypeName="Microsoft.VisualStudio.TestTools.TestTypes.Unit.UnitTestAdapter, Microsoft.VisualStudio.QualityTools.Tips.UnitTest.Adapter, Version=10.0.0.0, Culture=neutral, PublicKeyToken=b03f5f7f11d50a3a" className="TestProject2.WinnowingTest, TestProject2, Version=1.0.0.0, Culture=neutral, PublicKeyToken=null" name="WinnowingConstructorTest" />
      <AspNet webSiteUrl="http://localhost:1904/">
        <Host pathToWebApp="D:\TIAN\KULIAH\SEMESTER 6\MPPL\FP\mppl\mppl" webAppRoot="/" />
      </AspNet>
    </UnitTest>
    <UnitTest name="primeRollingHashTest" storage="d:\tian\kuliah\semester 6\mppl\fp\mppl\testproject2\bin\debug\testproject2.dll" id="f827ecbb-9b3f-3337-ba7b-52af22e53528">
      <DeploymentItems>
        <DeploymentItem filename="mppl.dll" />
      </DeploymentItems>
      <Execution id="8554ddcf-7430-4595-af0d-bd09cecc3acb" />
      <TestMethod codeBase="D:/TIAN/KULIAH/SEMESTER 6/MPPL/FP/mppl/TestProject2/bin/Debug/TestProject2.DLL" adapterTypeName="Microsoft.VisualStudio.TestTools.TestTypes.Unit.UnitTestAdapter, Microsoft.VisualStudio.QualityTools.Tips.UnitTest.Adapter, Version=10.0.0.0, Culture=neutral, PublicKeyToken=b03f5f7f11d50a3a" className="TestProject2.WinnowingTest, TestProject2, Version=1.0.0.0, Culture=neutral, PublicKeyToken=null" name="primeRollingHashTest" />
      <AspNet webSiteUrl="http://localhost:1904/">
        <Host pathToWebApp="D:\TIAN\KULIAH\SEMESTER 6\MPPL\FP\mppl\mppl" webAppRoot="/" />
      </AspNet>
    </UnitTest>
    <UnitTest name="setHashTest" storage="d:\tian\kuliah\semester 6\mppl\fp\mppl\testproject2\bin\debug\testproject2.dll" id="0df9a5a7-4d10-427d-900c-76cba404630d">
      <DeploymentItems>
        <DeploymentItem filename="mppl.dll" />
      </DeploymentItems>
      <Execution id="3749d280-2ed0-49a1-9ff1-4ca21cca66ff" />
      <TestMethod codeBase="D:/TIAN/KULIAH/SEMESTER 6/MPPL/FP/mppl/TestProject2/bin/Debug/TestProject2.DLL" adapterTypeName="Microsoft.VisualStudio.TestTools.TestTypes.Unit.UnitTestAdapter, Microsoft.VisualStudio.QualityTools.Tips.UnitTest.Adapter, Version=10.0.0.0, Culture=neutral, PublicKeyToken=b03f5f7f11d50a3a" className="TestProject2.WinnowingTest, TestProject2, Version=1.0.0.0, Culture=neutral, PublicKeyToken=null" name="setHashTest" />
      <AspNet webSiteUrl="http://localhost:1904/">
        <Host pathToWebApp="D:\TIAN\KULIAH\SEMESTER 6\MPPL\FP\mppl\mppl" webAppRoot="/" />
      </AspNet>
    </UnitTest>
  </TestDefinitions>
  <TestLists>
    <TestList name="Results Not in a List" id="8c84fa94-04c1-424b-9868-57a2d4851a1d" />
    <TestList name="All Loaded Results" id="19431567-8539-422a-85d7-44ee4e166bda" />
  </TestLists>
  <TestEntries>
    <TestEntry testId="0df9a5a7-4d10-427d-900c-76cba404630d" executionId="3749d280-2ed0-49a1-9ff1-4ca21cca66ff" testListId="8c84fa94-04c1-424b-9868-57a2d4851a1d" />
    <TestEntry testId="64ad4b4e-ba6f-e06b-11be-8345bb24fabf" executionId="27ed5752-eb87-4cde-aadc-cc9a4e9115d4" testListId="8c84fa94-04c1-424b-9868-57a2d4851a1d" />
    <TestEntry testId="69773ab7-eeed-a849-da98-e2f091e54fb2" executionId="703c3447-a05d-4d0b-9137-bf4fa9df0a1e" testListId="8c84fa94-04c1-424b-9868-57a2d4851a1d" />
    <TestEntry testId="d0be2a1b-146a-63d1-0134-b0aaacded6df" executionId="16151c0f-e558-4ddb-b138-927ce4257de9" testListId="8c84fa94-04c1-424b-9868-57a2d4851a1d" />
    <TestEntry testId="f827ecbb-9b3f-3337-ba7b-52af22e53528" executionId="8554ddcf-7430-4595-af0d-bd09cecc3acb" testListId="8c84fa94-04c1-424b-9868-57a2d4851a1d" />
  </TestEntries>
  <Results>
    <UnitTestResult executionId="3749d280-2ed0-49a1-9ff1-4ca21cca66ff" testId="0df9a5a7-4d10-427d-900c-76cba404630d" testName="setHashTest" computerName="TIANCOMP" duration="00:00:00.0659881" startTime="2012-05-24T22:00:12.5882357+07:00" endTime="2012-05-24T22:00:15.2953906+07:00" testType="13cdc9d9-ddb5-4fa4-a97d-d965ccfc6d4b" outcome="Failed" testListId="8c84fa94-04c1-424b-9868-57a2d4851a1d" relativeResultsDirectory="3749d280-2ed0-49a1-9ff1-4ca21cca66ff">
      <Output>
        <ErrorInfo>
          <Message>Test method TestProject2.WinnowingTest.setHashTest threw exception: 
System.IndexOutOfRangeException: Index was outside the bounds of the array.</Message>
          <StackTrace>   at mppl.Control.Winnowing_Accessor.setHash(String input, List`1 hash)
   at TestProject2.WinnowingTest.setHashTest() in D:\TIAN\KULIAH\SEMESTER 6\MPPL\FP\mppl\TestProject2\WinnowingTest.cs:line 174
</StackTrace>
        </ErrorInfo>
      </Output>
    </UnitTestResult>
    <UnitTestResult executionId="27ed5752-eb87-4cde-aadc-cc9a4e9115d4" testId="64ad4b4e-ba6f-e06b-11be-8345bb24fabf" testName="WinnowingConstructorTest" computerName="TIANCOMP" duration="00:00:00.0008022" startTime="2012-05-24T22:00:15.3093914+07:00" endTime="2012-05-24T22:00:15.4764009+07:00" testType="13cdc9d9-ddb5-4fa4-a97d-d965ccfc6d4b" outcome="Passed" testListId="8c84fa94-04c1-424b-9868-57a2d4851a1d" relativeResultsDirectory="27ed5752-eb87-4cde-aadc-cc9a4e9115d4">
    </UnitTestResult>
    <UnitTestResult executionId="703c3447-a05d-4d0b-9137-bf4fa9df0a1e" testId="69773ab7-eeed-a849-da98-e2f091e54fb2" testName="getFingerprintTest" computerName="TIANCOMP" duration="00:00:00.0069579" startTime="2012-05-24T22:00:15.4794011+07:00" endTime="2012-05-24T22:00:15.7834185+07:00" testType="13cdc9d9-ddb5-4fa4-a97d-d965ccfc6d4b" outcome="Failed" testListId="8c84fa94-04c1-424b-9868-57a2d4851a1d" relativeResultsDirectory="703c3447-a05d-4d0b-9137-bf4fa9df0a1e">
      <Output>
        <ErrorInfo>
          <Message>Test method TestProject2.WinnowingTest.getFingerprintTest threw exception: 
System.ArgumentOutOfRangeException: Index and length must refer to a location within the string.
Parameter name: length</Message>
          <StackTrace>    at System.String.InternalSubStringWithChecks(Int32 startIndex, Int32 length, Boolean fAlwaysCopy)
   at System.String.Substring(Int32 startIndex, Int32 length)
   at mppl.Control.Winnowing.setHash(String input, List`1 hash) in D:\TIAN\KULIAH\SEMESTER 6\MPPL\FP\mppl\mppl\Control\Winnowing.cs:line 65
   at mppl.Control.Winnowing.getFingerprint(String input) in D:\TIAN\KULIAH\SEMESTER 6\MPPL\FP\mppl\mppl\Control\Winnowing.cs:line 21
   at TestProject2.WinnowingTest.getFingerprintTest() in D:\TIAN\KULIAH\SEMESTER 6\MPPL\FP\mppl\TestProject2\WinnowingTest.cs:line 100
</StackTrace>
        </ErrorInfo>
      </Output>
    </UnitTestResult>
    <UnitTestResult executionId="16151c0f-e558-4ddb-b138-927ce4257de9" testId="d0be2a1b-146a-63d1-0134-b0aaacded6df" testName="rollHashRightTest" computerName="TIANCOMP" duration="00:00:00.0009800" startTime="2012-05-24T22:00:15.8074198+07:00" endTime="2012-05-24T22:00:16.1624402+07:00" testType="13cdc9d9-ddb5-4fa4-a97d-d965ccfc6d4b" outcome="Passed" testListId="8c84fa94-04c1-424b-9868-57a2d4851a1d" relativeResultsDirectory="16151c0f-e558-4ddb-b138-927ce4257de9">
    </UnitTestResult>
    <UnitTestResult executionId="8554ddcf-7430-4595-af0d-bd09cecc3acb" testId="f827ecbb-9b3f-3337-ba7b-52af22e53528" testName="primeRollingHashTest" computerName="TIANCOMP" duration="00:00:00.0051614" startTime="2012-05-24T22:00:16.1704406+07:00" endTime="2012-05-24T22:00:16.3624516+07:00" testType="13cdc9d9-ddb5-4fa4-a97d-d965ccfc6d4b" outcome="Failed" testListId="8c84fa94-04c1-424b-9868-57a2d4851a1d" relativeResultsDirectory="8554ddcf-7430-4595-af0d-bd09cecc3acb">
      <Output>
        <ErrorInfo>
          <Message>Test method TestProject2.WinnowingTest.primeRollingHashTest threw exception: 
System.IndexOutOfRangeException: Index was outside the bounds of the array.</Message>
          <StackTrace>   at mppl.Control.Winnowing_Accessor.primeRollingHash(String input, Int32 start, Int32 end, Int32 mod)
   at TestProject2.WinnowingTest.primeRollingHashTest() in D:\TIAN\KULIAH\SEMESTER 6\MPPL\FP\mppl\TestProject2\WinnowingTest.cs:line 124
</StackTrace>
        </ErrorInfo>
      </Output>
    </UnitTestResult>
  </Results>
</TestRun>