<?xml version="1.0" encoding="UTF-8"?>
<TestRun id="7ea184c9-beec-4f60-9813-e614b2910ef8" name="chrisna@TIANCOMP 2012-05-25 15:32:59" runUser="TIANCOMP\chrisna" xmlns="http://microsoft.com/schemas/VisualStudio/TeamTest/2010">
  <TestSettings name="Local" id="3df5505e-b0c9-4ce6-83fc-f06cb2fb1d4f">
    <Description>These are default test settings for a local test run.</Description>
    <Deployment enabled="false" runDeploymentRoot="chrisna_TIANCOMP 2012-05-25 15_32_59">
      <DeploymentItem filename="D:\TIAN\KULIAH\SEMESTER 6\MPPL\FP\mppl\mppl\itextsharp.xtra.dll" />
      <DeploymentItem filename="D:\TIAN\KULIAH\SEMESTER 6\MPPL\FP\mppl\mppl\bin\mppl.dll" />
      <DeploymentItem filename="D:\TIAN\KULIAH\SEMESTER 6\MPPL\FP\mppl\mppl\itextsharp.dll" />
    </Deployment>
    <Execution>
      <TestTypeSpecific />
      <AgentRule name="Execution Agents">
      </AgentRule>
    </Execution>
  </TestSettings>
  <Times creation="2012-05-25T15:32:59.1692884+07:00" queuing="2012-05-25T15:33:00.2943527+07:00" start="2012-05-25T15:33:00.5723686+07:00" finish="2012-05-25T15:33:01.3114109+07:00" />
  <ResultSummary outcome="Failed">
    <Counters total="4" executed="4" error="0" failed="4" timeout="0" aborted="0" inconclusive="0" passedButRunAborted="0" notRunnable="0" notExecuted="0" disconnected="0" warning="0" passed="0" completed="0" inProgress="0" pending="0" />
    <RunInfos>
      <RunInfo computerName="TIANCOMP" outcome="Warning" timestamp="2012-05-25T15:32:59.3202970+07:00">
        <Text>Deployment is currently disabled. The deployment item 'mppl.dll' on test 'TestProject2.ControlCekTest.ekstrakPdfTest' was not deployed.</Text>
      </RunInfo>
    </RunInfos>
  </ResultSummary>
  <TestDefinitions>
    <UnitTest name="ekstrakPdfTest" storage="d:\tian\kuliah\semester 6\mppl\fp\mppl\testproject2\bin\debug\testproject2.dll" id="b2b6bf34-5d27-7871-c044-b864c55d1bbe">
      <DeploymentItems>
        <DeploymentItem filename="mppl.dll" />
      </DeploymentItems>
      <Execution id="942d102a-8076-4a83-9965-517d309656d6" />
      <TestMethod codeBase="D:/TIAN/KULIAH/SEMESTER 6/MPPL/FP/mppl/TestProject2/bin/Debug/TestProject2.DLL" adapterTypeName="Microsoft.VisualStudio.TestTools.TestTypes.Unit.UnitTestAdapter, Microsoft.VisualStudio.QualityTools.Tips.UnitTest.Adapter, Version=10.0.0.0, Culture=neutral, PublicKeyToken=b03f5f7f11d50a3a" className="TestProject2.ControlCekTest, TestProject2, Version=1.0.0.0, Culture=neutral, PublicKeyToken=null" name="ekstrakPdfTest" />
      <AspNet webSiteUrl="http://localhost:1904/">
        <Host pathToWebApp="D:\TIAN\KULIAH\SEMESTER 6\MPPL\FP\mppl\mppl" webAppRoot="/" />
      </AspNet>
    </UnitTest>
    <UnitTest name="ControlCekConstructorTest" storage="d:\tian\kuliah\semester 6\mppl\fp\mppl\testproject2\bin\debug\testproject2.dll" id="081bdbf6-b6cf-49e4-99f0-f336be370645">
      <Execution id="4324199c-d847-4925-9aa6-d4e84fb645c2" />
      <TestMethod codeBase="D:/TIAN/KULIAH/SEMESTER 6/MPPL/FP/mppl/TestProject2/bin/Debug/TestProject2.DLL" adapterTypeName="Microsoft.VisualStudio.TestTools.TestTypes.Unit.UnitTestAdapter, Microsoft.VisualStudio.QualityTools.Tips.UnitTest.Adapter, Version=10.0.0.0, Culture=neutral, PublicKeyToken=b03f5f7f11d50a3a" className="TestProject2.ControlCekTest, TestProject2, Version=1.0.0.0, Culture=neutral, PublicKeyToken=null" name="ControlCekConstructorTest" />
      <AspNet webSiteUrl="http://localhost:1904/">
        <Host pathToWebApp="D:\TIAN\KULIAH\SEMESTER 6\MPPL\FP\mppl\mppl" webAppRoot="/" />
      </AspNet>
    </UnitTest>
    <UnitTest name="uploadTest" storage="d:\tian\kuliah\semester 6\mppl\fp\mppl\testproject2\bin\debug\testproject2.dll" id="fb2baaf1-10c4-c978-111e-182bac5bcfcf">
      <Execution id="83de190d-c14c-4418-b2ef-7b99e77dfd08" />
      <TestMethod codeBase="D:/TIAN/KULIAH/SEMESTER 6/MPPL/FP/mppl/TestProject2/bin/Debug/TestProject2.DLL" adapterTypeName="Microsoft.VisualStudio.TestTools.TestTypes.Unit.UnitTestAdapter, Microsoft.VisualStudio.QualityTools.Tips.UnitTest.Adapter, Version=10.0.0.0, Culture=neutral, PublicKeyToken=b03f5f7f11d50a3a" className="TestProject2.ControlCekTest, TestProject2, Version=1.0.0.0, Culture=neutral, PublicKeyToken=null" name="uploadTest" />
      <AspNet webSiteUrl="http://localhost:1904/">
        <Host pathToWebApp="D:\TIAN\KULIAH\SEMESTER 6\MPPL\FP\mppl\mppl" webAppRoot="/" />
      </AspNet>
    </UnitTest>
    <UnitTest name="createFingerPrintTest" storage="d:\tian\kuliah\semester 6\mppl\fp\mppl\testproject2\bin\debug\testproject2.dll" id="65d1fb28-ce52-ca15-ac3b-99d2be3735b6">
      <DeploymentItems>
        <DeploymentItem filename="mppl.dll" />
      </DeploymentItems>
      <Execution id="d73e39e8-4976-4614-b524-38723a481f97" />
      <TestMethod codeBase="D:/TIAN/KULIAH/SEMESTER 6/MPPL/FP/mppl/TestProject2/bin/Debug/TestProject2.DLL" adapterTypeName="Microsoft.VisualStudio.TestTools.TestTypes.Unit.UnitTestAdapter, Microsoft.VisualStudio.QualityTools.Tips.UnitTest.Adapter, Version=10.0.0.0, Culture=neutral, PublicKeyToken=b03f5f7f11d50a3a" className="TestProject2.ControlCekTest, TestProject2, Version=1.0.0.0, Culture=neutral, PublicKeyToken=null" name="createFingerPrintTest" />
      <AspNet webSiteUrl="http://localhost:1904/">
        <Host pathToWebApp="D:\TIAN\KULIAH\SEMESTER 6\MPPL\FP\mppl\mppl" webAppRoot="/" />
      </AspNet>
    </UnitTest>
  </TestDefinitions>
  <TestLists>
    <TestList name="Results Not in a List" id="8c84fa94-04c1-424b-9868-57a2d4851a1d" />
    <TestList name="All Loaded Results" id="19431567-8539-422a-85d7-44ee4e166bda" />
  </TestLists>
  <TestEntries>
    <TestEntry testId="081bdbf6-b6cf-49e4-99f0-f336be370645" executionId="4324199c-d847-4925-9aa6-d4e84fb645c2" testListId="8c84fa94-04c1-424b-9868-57a2d4851a1d" />
    <TestEntry testId="65d1fb28-ce52-ca15-ac3b-99d2be3735b6" executionId="d73e39e8-4976-4614-b524-38723a481f97" testListId="8c84fa94-04c1-424b-9868-57a2d4851a1d" />
    <TestEntry testId="b2b6bf34-5d27-7871-c044-b864c55d1bbe" executionId="942d102a-8076-4a83-9965-517d309656d6" testListId="8c84fa94-04c1-424b-9868-57a2d4851a1d" />
    <TestEntry testId="fb2baaf1-10c4-c978-111e-182bac5bcfcf" executionId="83de190d-c14c-4418-b2ef-7b99e77dfd08" testListId="8c84fa94-04c1-424b-9868-57a2d4851a1d" />
  </TestEntries>
  <Results>
    <UnitTestResult executionId="4324199c-d847-4925-9aa6-d4e84fb645c2" testId="081bdbf6-b6cf-49e4-99f0-f336be370645" testName="ControlCekConstructorTest" computerName="TIANCOMP" startTime="2012-05-25T15:33:00.9223886+07:00" endTime="2012-05-25T15:33:01.0963986+07:00" testType="13cdc9d9-ddb5-4fa4-a97d-d965ccfc6d4b" outcome="Failed" testListId="8c84fa94-04c1-424b-9868-57a2d4851a1d" relativeResultsDirectory="4324199c-d847-4925-9aa6-d4e84fb645c2">
      <Output>
        <ErrorInfo>
          <Message>The ASP.NET Web application at 'D:\TIAN\KULIAH\SEMESTER 6\MPPL\FP\mppl\mppl' is already configured for testing by another test run. Only one test run at a time can run tests in ASP.NET. If there are no other test runs using this Web application, ensure that the Web.config file does not contain an httpModule named HostAdapter.</Message>
        </ErrorInfo>
      </Output>
    </UnitTestResult>
    <UnitTestResult executionId="d73e39e8-4976-4614-b524-38723a481f97" testId="65d1fb28-ce52-ca15-ac3b-99d2be3735b6" testName="createFingerPrintTest" computerName="TIANCOMP" startTime="2012-05-25T15:33:01.1013989+07:00" endTime="2012-05-25T15:33:01.1244002+07:00" testType="13cdc9d9-ddb5-4fa4-a97d-d965ccfc6d4b" outcome="Failed" testListId="8c84fa94-04c1-424b-9868-57a2d4851a1d" relativeResultsDirectory="d73e39e8-4976-4614-b524-38723a481f97">
      <Output>
        <ErrorInfo>
          <Message>The ASP.NET Web application at 'D:\TIAN\KULIAH\SEMESTER 6\MPPL\FP\mppl\mppl' is already configured for testing by another test run. Only one test run at a time can run tests in ASP.NET. If there are no other test runs using this Web application, ensure that the Web.config file does not contain an httpModule named HostAdapter.</Message>
        </ErrorInfo>
      </Output>
    </UnitTestResult>
    <UnitTestResult executionId="942d102a-8076-4a83-9965-517d309656d6" testId="b2b6bf34-5d27-7871-c044-b864c55d1bbe" testName="ekstrakPdfTest" computerName="TIANCOMP" startTime="2012-05-25T15:33:01.1384010+07:00" endTime="2012-05-25T15:33:01.1604023+07:00" testType="13cdc9d9-ddb5-4fa4-a97d-d965ccfc6d4b" outcome="Failed" testListId="8c84fa94-04c1-424b-9868-57a2d4851a1d" relativeResultsDirectory="942d102a-8076-4a83-9965-517d309656d6">
      <Output>
        <ErrorInfo>
          <Message>The ASP.NET Web application at 'D:\TIAN\KULIAH\SEMESTER 6\MPPL\FP\mppl\mppl' is already configured for testing by another test run. Only one test run at a time can run tests in ASP.NET. If there are no other test runs using this Web application, ensure that the Web.config file does not contain an httpModule named HostAdapter.</Message>
        </ErrorInfo>
      </Output>
    </UnitTestResult>
    <UnitTestResult executionId="83de190d-c14c-4418-b2ef-7b99e77dfd08" testId="fb2baaf1-10c4-c978-111e-182bac5bcfcf" testName="uploadTest" computerName="TIANCOMP" startTime="2012-05-25T15:33:01.1994045+07:00" endTime="2012-05-25T15:33:01.2274061+07:00" testType="13cdc9d9-ddb5-4fa4-a97d-d965ccfc6d4b" outcome="Failed" testListId="8c84fa94-04c1-424b-9868-57a2d4851a1d" relativeResultsDirectory="83de190d-c14c-4418-b2ef-7b99e77dfd08">
      <Output>
        <ErrorInfo>
          <Message>The ASP.NET Web application at 'D:\TIAN\KULIAH\SEMESTER 6\MPPL\FP\mppl\mppl' is already configured for testing by another test run. Only one test run at a time can run tests in ASP.NET. If there are no other test runs using this Web application, ensure that the Web.config file does not contain an httpModule named HostAdapter.</Message>
        </ErrorInfo>
      </Output>
    </UnitTestResult>
  </Results>
</TestRun>