<?xml version="1.0" encoding="UTF-8"?>
<TestRun id="e4e477d7-a543-4029-a5df-98d2bee5bf26" name="chrisna@TIANCOMP 2012-05-24 22:49:45" runUser="TIANCOMP\chrisna" xmlns="http://microsoft.com/schemas/VisualStudio/TeamTest/2010">
  <TestSettings name="Local" id="3df5505e-b0c9-4ce6-83fc-f06cb2fb1d4f">
    <Description>These are default test settings for a local test run.</Description>
    <Deployment enabled="false" runDeploymentRoot="chrisna_TIANCOMP 2012-05-24 22_49_45">
      <DeploymentItem filename="D:\TIAN\KULIAH\SEMESTER 6\MPPL\FP\mppl\mppl\itextsharp.xtra.dll" />
      <DeploymentItem filename="D:\TIAN\KULIAH\SEMESTER 6\MPPL\FP\mppl\mppl\bin\mppl.dll" />
      <DeploymentItem filename="D:\TIAN\KULIAH\SEMESTER 6\MPPL\FP\mppl\mppl\itextsharp.dll" />
    </Deployment>
    <Execution>
      <TestTypeSpecific />
      <AgentRule name="Execution Agents">
      </AgentRule>
    </Execution>
  </TestSettings>
  <Times creation="2012-05-24T22:49:45.6834309+07:00" queuing="2012-05-24T22:49:45.7774363+07:00" start="2012-05-24T22:49:45.8084381+07:00" finish="2012-05-24T22:50:10.5538535+07:00" />
  <ResultSummary outcome="Completed">
    <Counters total="3" executed="3" passed="3" error="0" failed="0" timeout="0" aborted="0" inconclusive="0" passedButRunAborted="0" notRunnable="0" notExecuted="0" disconnected="0" warning="0" completed="0" inProgress="0" pending="0" />
  </ResultSummary>
  <TestDefinitions>
    <UnitTest name="uploadDokumenTest" storage="d:\tian\kuliah\semester 6\mppl\fp\mppl\testproject2\bin\debug\testproject2.dll" id="1c58633c-d189-7f46-745a-73c2bc8ac956">
      <Execution id="c25fcfc3-a7c6-454b-8d76-7936f32f4564" />
      <TestMethod codeBase="D:/TIAN/KULIAH/SEMESTER 6/MPPL/FP/mppl/TestProject2/bin/Debug/TestProject2.DLL" adapterTypeName="Microsoft.VisualStudio.TestTools.TestTypes.Unit.UnitTestAdapter, Microsoft.VisualStudio.QualityTools.Tips.UnitTest.Adapter, Version=10.0.0.0, Culture=neutral, PublicKeyToken=b03f5f7f11d50a3a" className="TestProject2.tambahUITest, TestProject2, Version=1.0.0.0, Culture=neutral, PublicKeyToken=null" name="uploadDokumenTest" />
      <AspNet webSiteUrl="http://localhost:1904/">
        <Host pathToWebApp="D:\TIAN\KULIAH\SEMESTER 6\MPPL\FP\mppl\mppl" webAppRoot="/" />
      </AspNet>
    </UnitTest>
    <UnitTest name="tambahUIConstructorTest" storage="d:\tian\kuliah\semester 6\mppl\fp\mppl\testproject2\bin\debug\testproject2.dll" id="380e6108-d79b-4b3b-1d75-88697b5807ae">
      <Execution id="c663f081-2392-4e04-b244-7248b8925566" />
      <TestMethod codeBase="D:/TIAN/KULIAH/SEMESTER 6/MPPL/FP/mppl/TestProject2/bin/Debug/TestProject2.DLL" adapterTypeName="Microsoft.VisualStudio.TestTools.TestTypes.Unit.UnitTestAdapter, Microsoft.VisualStudio.QualityTools.Tips.UnitTest.Adapter, Version=10.0.0.0, Culture=neutral, PublicKeyToken=b03f5f7f11d50a3a" className="TestProject2.tambahUITest, TestProject2, Version=1.0.0.0, Culture=neutral, PublicKeyToken=null" name="tambahUIConstructorTest" />
      <AspNet webSiteUrl="http://localhost:1904/">
        <Host pathToWebApp="D:\TIAN\KULIAH\SEMESTER 6\MPPL\FP\mppl\mppl" webAppRoot="/" />
      </AspNet>
    </UnitTest>
    <UnitTest name="isiDataDokumenTest" storage="d:\tian\kuliah\semester 6\mppl\fp\mppl\testproject2\bin\debug\testproject2.dll" id="7d0e268c-5343-fe7f-2b52-2465929a2ea0">
      <Execution id="fd5eb182-11c5-46c6-9046-36cd87a07556" />
      <TestMethod codeBase="D:/TIAN/KULIAH/SEMESTER 6/MPPL/FP/mppl/TestProject2/bin/Debug/TestProject2.DLL" adapterTypeName="Microsoft.VisualStudio.TestTools.TestTypes.Unit.UnitTestAdapter, Microsoft.VisualStudio.QualityTools.Tips.UnitTest.Adapter, Version=10.0.0.0, Culture=neutral, PublicKeyToken=b03f5f7f11d50a3a" className="TestProject2.tambahUITest, TestProject2, Version=1.0.0.0, Culture=neutral, PublicKeyToken=null" name="isiDataDokumenTest" />
      <AspNet webSiteUrl="http://localhost:1904/">
        <Host pathToWebApp="D:\TIAN\KULIAH\SEMESTER 6\MPPL\FP\mppl\mppl" webAppRoot="/" />
      </AspNet>
    </UnitTest>
  </TestDefinitions>
  <TestLists>
    <TestList name="Results Not in a List" id="8c84fa94-04c1-424b-9868-57a2d4851a1d" />
    <TestList name="All Loaded Results" id="19431567-8539-422a-85d7-44ee4e166bda" />
  </TestLists>
  <TestEntries>
    <TestEntry testId="1c58633c-d189-7f46-745a-73c2bc8ac956" executionId="c25fcfc3-a7c6-454b-8d76-7936f32f4564" testListId="8c84fa94-04c1-424b-9868-57a2d4851a1d" />
    <TestEntry testId="380e6108-d79b-4b3b-1d75-88697b5807ae" executionId="c663f081-2392-4e04-b244-7248b8925566" testListId="8c84fa94-04c1-424b-9868-57a2d4851a1d" />
    <TestEntry testId="7d0e268c-5343-fe7f-2b52-2465929a2ea0" executionId="fd5eb182-11c5-46c6-9046-36cd87a07556" testListId="8c84fa94-04c1-424b-9868-57a2d4851a1d" />
  </TestEntries>
  <Results>
    <UnitTestResult executionId="c25fcfc3-a7c6-454b-8d76-7936f32f4564" testId="1c58633c-d189-7f46-745a-73c2bc8ac956" testName="uploadDokumenTest" computerName="TIANCOMP" duration="00:00:00.0191830" startTime="2012-05-24T22:49:45.8594410+07:00" endTime="2012-05-24T22:50:09.7218059+07:00" testType="13cdc9d9-ddb5-4fa4-a97d-d965ccfc6d4b" outcome="Passed" testListId="8c84fa94-04c1-424b-9868-57a2d4851a1d" relativeResultsDirectory="c25fcfc3-a7c6-454b-8d76-7936f32f4564">
    </UnitTestResult>
    <UnitTestResult executionId="c663f081-2392-4e04-b244-7248b8925566" testId="380e6108-d79b-4b3b-1d75-88697b5807ae" testName="tambahUIConstructorTest" computerName="TIANCOMP" duration="00:00:00.0167999" startTime="2012-05-24T22:50:09.7238060+07:00" endTime="2012-05-24T22:50:10.2968387+07:00" testType="13cdc9d9-ddb5-4fa4-a97d-d965ccfc6d4b" outcome="Passed" testListId="8c84fa94-04c1-424b-9868-57a2d4851a1d" relativeResultsDirectory="c663f081-2392-4e04-b244-7248b8925566">
    </UnitTestResult>
    <UnitTestResult executionId="fd5eb182-11c5-46c6-9046-36cd87a07556" testId="7d0e268c-5343-fe7f-2b52-2465929a2ea0" testName="isiDataDokumenTest" computerName="TIANCOMP" duration="00:00:00.0003178" startTime="2012-05-24T22:50:10.2998389+07:00" endTime="2012-05-24T22:50:10.3668428+07:00" testType="13cdc9d9-ddb5-4fa4-a97d-d965ccfc6d4b" outcome="Passed" testListId="8c84fa94-04c1-424b-9868-57a2d4851a1d" relativeResultsDirectory="fd5eb182-11c5-46c6-9046-36cd87a07556">
    </UnitTestResult>
  </Results>
</TestRun>