<?xml version="1.0" encoding="UTF-8"?>
<TestRun id="1e9ca0eb-ca78-4b2d-8a43-5cf8779f68ec" name="m.rap@ALRAZI 2012-05-26 13:11:35" runUser="ALRAZI\m.rap" xmlns="http://microsoft.com/schemas/VisualStudio/TeamTest/2010">
  <TestSettings name="Local" id="3df5505e-b0c9-4ce6-83fc-f06cb2fb1d4f">
    <Description>These are default test settings for a local test run.</Description>
    <Deployment enabled="false" runDeploymentRoot="m.rap_ALRAZI 2012-05-26 13_11_35">
      <DeploymentItem filename="C:\Users\Admin\Documents\Visual Studio 2010\Projects\OjoPodo\mppl\mppl\itextsharp.xtra.dll" />
      <DeploymentItem filename="C:\Users\Admin\Documents\Visual Studio 2010\Projects\OjoPodo\mppl\mppl\itextsharp.dll" />
      <DeploymentItem filename="C:\Users\Admin\Documents\Visual Studio 2010\Projects\OjoPodo\mppl\mppl\bin\mppl.dll" />
    </Deployment>
    <Execution>
      <TestTypeSpecific />
      <AgentRule name="Execution Agents">
      </AgentRule>
    </Execution>
  </TestSettings>
  <Times creation="2012-05-26T13:11:35.1832600+07:00" queuing="2012-05-26T13:11:51.1872600+07:00" start="2012-05-26T13:11:51.4552600+07:00" finish="2012-05-26T13:11:53.9332600+07:00" />
  <ResultSummary outcome="Failed">
    <Counters total="42" executed="42" error="0" failed="42" timeout="0" aborted="0" inconclusive="0" passedButRunAborted="0" notRunnable="0" notExecuted="0" disconnected="0" warning="0" passed="0" completed="0" inProgress="0" pending="0" />
  </ResultSummary>
  <TestDefinitions>
    <UnitTest name="setujuBatalCekTest" storage="c:\users\admin\documents\visual studio 2010\projects\ojopodo\mppl\testproject2\bin\debug\testproject2.dll" id="6214e58f-9145-acdf-2369-49c797787222">
      <Execution id="b4f837c5-0793-4341-875a-94f10504375e" />
      <TestMethod codeBase="C:/Users/Admin/Documents/Visual Studio 2010/Projects/OjoPodo/mppl/TestProject2/bin/Debug/TestProject2.DLL" adapterTypeName="Microsoft.VisualStudio.TestTools.TestTypes.Unit.UnitTestAdapter, Microsoft.VisualStudio.QualityTools.Tips.UnitTest.Adapter, Version=10.0.0.0, Culture=neutral, PublicKeyToken=b03f5f7f11d50a3a" className="TestProject2.prosesCekUiTest, TestProject2, Version=1.0.0.0, Culture=neutral, PublicKeyToken=null" name="setujuBatalCekTest" />
      <AspNet webSiteUrl="http://localhost:1904/">
        <Host pathToWebApp="D:\TIAN\KULIAH\SEMESTER 6\MPPL\FP\mppl\mppl" webAppRoot="/" />
      </AspNet>
    </UnitTest>
    <UnitTest name="getByIdTest" storage="c:\users\admin\documents\visual studio 2010\projects\ojopodo\mppl\testproject2\bin\debug\testproject2.dll" id="11a0b8b6-517e-3449-94b4-b6aa24b0e43f">
      <Execution id="d7b12890-ca43-4928-b206-44647f77d70f" />
      <TestMethod codeBase="C:/Users/Admin/Documents/Visual Studio 2010/Projects/OjoPodo/mppl/TestProject2/bin/Debug/TestProject2.DLL" adapterTypeName="Microsoft.VisualStudio.TestTools.TestTypes.Unit.UnitTestAdapter, Microsoft.VisualStudio.QualityTools.Tips.UnitTest.Adapter, Version=10.0.0.0, Culture=neutral, PublicKeyToken=b03f5f7f11d50a3a" className="TestProject2.ModelDokumenTest, TestProject2, Version=1.0.0.0, Culture=neutral, PublicKeyToken=null" name="getByIdTest" />
      <AspNet webSiteUrl="http://localhost:1904/">
        <Host pathToWebApp="D:\TIAN\KULIAH\SEMESTER 6\MPPL\FP\mppl\mppl" webAppRoot="/" />
      </AspNet>
    </UnitTest>
    <UnitTest name="uploadTest" storage="c:\users\admin\documents\visual studio 2010\projects\ojopodo\mppl\testproject2\bin\debug\testproject2.dll" id="fb2baaf1-10c4-c978-111e-182bac5bcfcf">
      <Execution id="072868b9-5aa6-438d-ad64-e43bc9c81dbc" />
      <TestMethod codeBase="C:/Users/Admin/Documents/Visual Studio 2010/Projects/OjoPodo/mppl/TestProject2/bin/Debug/TestProject2.DLL" adapterTypeName="Microsoft.VisualStudio.TestTools.TestTypes.Unit.UnitTestAdapter, Microsoft.VisualStudio.QualityTools.Tips.UnitTest.Adapter, Version=10.0.0.0, Culture=neutral, PublicKeyToken=b03f5f7f11d50a3a" className="TestProject2.ControlCekTest, TestProject2, Version=1.0.0.0, Culture=neutral, PublicKeyToken=null" name="uploadTest" />
      <AspNet webSiteUrl="http://localhost:1904/">
        <Host pathToWebApp="D:\TIAN\KULIAH\SEMESTER 6\MPPL\FP\mppl\mppl" webAppRoot="/" />
      </AspNet>
    </UnitTest>
    <UnitTest name="tampilkanKonfirmasiBatalTest" storage="c:\users\admin\documents\visual studio 2010\projects\ojopodo\mppl\testproject2\bin\debug\testproject2.dll" id="ab2b4e2d-0e8e-d089-6401-526ffbdc7005">
      <Execution id="fede35ad-1b8a-47e8-80eb-314bc2008851" />
      <TestMethod codeBase="C:/Users/Admin/Documents/Visual Studio 2010/Projects/OjoPodo/mppl/TestProject2/bin/Debug/TestProject2.DLL" adapterTypeName="Microsoft.VisualStudio.TestTools.TestTypes.Unit.UnitTestAdapter, Microsoft.VisualStudio.QualityTools.Tips.UnitTest.Adapter, Version=10.0.0.0, Culture=neutral, PublicKeyToken=b03f5f7f11d50a3a" className="TestProject2.prosesCekUiTest, TestProject2, Version=1.0.0.0, Culture=neutral, PublicKeyToken=null" name="tampilkanKonfirmasiBatalTest" />
      <AspNet webSiteUrl="http://localhost:1904/">
        <Host pathToWebApp="D:\TIAN\KULIAH\SEMESTER 6\MPPL\FP\mppl\mppl" webAppRoot="/" />
      </AspNet>
    </UnitTest>
    <UnitTest name="tekanBatalTest" storage="c:\users\admin\documents\visual studio 2010\projects\ojopodo\mppl\testproject2\bin\debug\testproject2.dll" id="646eff43-91cf-e8c8-52fb-f9c5ad11e7f2">
      <Execution id="3cf54a03-c843-4717-b4b7-04e3bf7e3d3b" />
      <TestMethod codeBase="C:/Users/Admin/Documents/Visual Studio 2010/Projects/OjoPodo/mppl/TestProject2/bin/Debug/TestProject2.DLL" adapterTypeName="Microsoft.VisualStudio.TestTools.TestTypes.Unit.UnitTestAdapter, Microsoft.VisualStudio.QualityTools.Tips.UnitTest.Adapter, Version=10.0.0.0, Culture=neutral, PublicKeyToken=b03f5f7f11d50a3a" className="TestProject2.prosesCekUiTest, TestProject2, Version=1.0.0.0, Culture=neutral, PublicKeyToken=null" name="tekanBatalTest" />
      <AspNet webSiteUrl="http://localhost:1904/">
        <Host pathToWebApp="D:\TIAN\KULIAH\SEMESTER 6\MPPL\FP\mppl\mppl" webAppRoot="/" />
      </AspNet>
    </UnitTest>
    <UnitTest name="tampilkanHasilTest" storage="c:\users\admin\documents\visual studio 2010\projects\ojopodo\mppl\testproject2\bin\debug\testproject2.dll" id="e3f6b427-c2b5-581d-7a03-7e51570a39c8">
      <Execution id="5257093d-b825-4e91-953a-ab500600e61e" />
      <TestMethod codeBase="C:/Users/Admin/Documents/Visual Studio 2010/Projects/OjoPodo/mppl/TestProject2/bin/Debug/TestProject2.DLL" adapterTypeName="Microsoft.VisualStudio.TestTools.TestTypes.Unit.UnitTestAdapter, Microsoft.VisualStudio.QualityTools.Tips.UnitTest.Adapter, Version=10.0.0.0, Culture=neutral, PublicKeyToken=b03f5f7f11d50a3a" className="TestProject2.hasilCekDokumenUiTest, TestProject2, Version=1.0.0.0, Culture=neutral, PublicKeyToken=null" name="tampilkanHasilTest" />
      <AspNet webSiteUrl="http://localhost:1904/">
        <Host pathToWebApp="D:\TIAN\KULIAH\SEMESTER 6\MPPL\FP\mppl\mppl" webAppRoot="/" />
      </AspNet>
    </UnitTest>
    <UnitTest name="tampilkanKonfirmasiBatalCekTest1" storage="c:\users\admin\documents\visual studio 2010\projects\ojopodo\mppl\testproject2\bin\debug\testproject2.dll" id="d006c7c5-6a8c-0048-fecf-45dd47684e33">
      <Execution id="e6cff912-498b-4cd4-9110-a5ae73e3c018" />
      <TestMethod codeBase="C:/Users/Admin/Documents/Visual Studio 2010/Projects/OjoPodo/mppl/TestProject2/bin/Debug/TestProject2.DLL" adapterTypeName="Microsoft.VisualStudio.TestTools.TestTypes.Unit.UnitTestAdapter, Microsoft.VisualStudio.QualityTools.Tips.UnitTest.Adapter, Version=10.0.0.0, Culture=neutral, PublicKeyToken=b03f5f7f11d50a3a" className="TestProject2.prosesCekUiTest, TestProject2, Version=1.0.0.0, Culture=neutral, PublicKeyToken=null" name="tampilkanKonfirmasiBatalCekTest1" />
      <AspNet webSiteUrl="http://localhost:1904/">
        <Host pathToWebApp="D:\TIAN\KULIAH\SEMESTER 6\MPPL\FP\mppl\mppl" webAppRoot="/" />
      </AspNet>
    </UnitTest>
    <UnitTest name="createFingerPrintTest" storage="c:\users\admin\documents\visual studio 2010\projects\ojopodo\mppl\testproject2\bin\debug\testproject2.dll" id="65d1fb28-ce52-ca15-ac3b-99d2be3735b6">
      <DeploymentItems>
        <DeploymentItem filename="mppl.dll" />
      </DeploymentItems>
      <Execution id="0667c078-55bb-4106-a7a3-e68b0a56753c" />
      <TestMethod codeBase="C:/Users/Admin/Documents/Visual Studio 2010/Projects/OjoPodo/mppl/TestProject2/bin/Debug/TestProject2.DLL" adapterTypeName="Microsoft.VisualStudio.TestTools.TestTypes.Unit.UnitTestAdapter, Microsoft.VisualStudio.QualityTools.Tips.UnitTest.Adapter, Version=10.0.0.0, Culture=neutral, PublicKeyToken=b03f5f7f11d50a3a" className="TestProject2.ControlCekTest, TestProject2, Version=1.0.0.0, Culture=neutral, PublicKeyToken=null" name="createFingerPrintTest" />
      <AspNet webSiteUrl="http://localhost:1904/">
        <Host pathToWebApp="D:\TIAN\KULIAH\SEMESTER 6\MPPL\FP\mppl\mppl" webAppRoot="/" />
      </AspNet>
    </UnitTest>
    <UnitTest name="updateTest" storage="c:\users\admin\documents\visual studio 2010\projects\ojopodo\mppl\testproject2\bin\debug\testproject2.dll" id="2b05458b-2669-42a0-265b-f0a0096a393d">
      <Execution id="931fd51d-454d-45b4-8404-07db2fd700ab" />
      <TestMethod codeBase="C:/Users/Admin/Documents/Visual Studio 2010/Projects/OjoPodo/mppl/TestProject2/bin/Debug/TestProject2.DLL" adapterTypeName="Microsoft.VisualStudio.TestTools.TestTypes.Unit.UnitTestAdapter, Microsoft.VisualStudio.QualityTools.Tips.UnitTest.Adapter, Version=10.0.0.0, Culture=neutral, PublicKeyToken=b03f5f7f11d50a3a" className="TestProject2.ModelDokumenTest, TestProject2, Version=1.0.0.0, Culture=neutral, PublicKeyToken=null" name="updateTest" />
      <AspNet webSiteUrl="http://localhost:1904/">
        <Host pathToWebApp="D:\TIAN\KULIAH\SEMESTER 6\MPPL\FP\mppl\mppl" webAppRoot="/" />
      </AspNet>
    </UnitTest>
    <UnitTest name="pilihCekDokumenTest" storage="c:\users\admin\documents\visual studio 2010\projects\ojopodo\mppl\testproject2\bin\debug\testproject2.dll" id="ee2d4e2e-8c2c-c2a8-9060-2fd4da3dca4c">
      <Execution id="979c3f6b-69a8-4288-beff-2f167c1de9d9" />
      <TestMethod codeBase="C:/Users/Admin/Documents/Visual Studio 2010/Projects/OjoPodo/mppl/TestProject2/bin/Debug/TestProject2.DLL" adapterTypeName="Microsoft.VisualStudio.TestTools.TestTypes.Unit.UnitTestAdapter, Microsoft.VisualStudio.QualityTools.Tips.UnitTest.Adapter, Version=10.0.0.0, Culture=neutral, PublicKeyToken=b03f5f7f11d50a3a" className="TestProject2.menuUtamaUITest, TestProject2, Version=1.0.0.0, Culture=neutral, PublicKeyToken=null" name="pilihCekDokumenTest" />
      <AspNet webSiteUrl="http://localhost:1904/">
        <Host pathToWebApp="D:\TIAN\KULIAH\SEMESTER 6\MPPL\FP\mppl\mppl" webAppRoot="/" />
      </AspNet>
    </UnitTest>
    <UnitTest name="tambahUIConstructorTest" storage="c:\users\admin\documents\visual studio 2010\projects\ojopodo\mppl\testproject2\bin\debug\testproject2.dll" id="380e6108-d79b-4b3b-1d75-88697b5807ae">
      <Execution id="3f3172a4-7191-4b6e-85d7-6b16a448725f" />
      <TestMethod codeBase="C:/Users/Admin/Documents/Visual Studio 2010/Projects/OjoPodo/mppl/TestProject2/bin/Debug/TestProject2.DLL" adapterTypeName="Microsoft.VisualStudio.TestTools.TestTypes.Unit.UnitTestAdapter, Microsoft.VisualStudio.QualityTools.Tips.UnitTest.Adapter, Version=10.0.0.0, Culture=neutral, PublicKeyToken=b03f5f7f11d50a3a" className="TestProject2.tambahUITest, TestProject2, Version=1.0.0.0, Culture=neutral, PublicKeyToken=null" name="tambahUIConstructorTest" />
      <AspNet webSiteUrl="http://localhost:1904/">
        <Host pathToWebApp="D:\TIAN\KULIAH\SEMESTER 6\MPPL\FP\mppl\mppl" webAppRoot="/" />
      </AspNet>
    </UnitTest>
    <UnitTest name="menuUtamaUIConstructorTest" storage="c:\users\admin\documents\visual studio 2010\projects\ojopodo\mppl\testproject2\bin\debug\testproject2.dll" id="db46635a-c39c-bd8d-b0b6-a0672a310324">
      <Execution id="a42b7f6f-36c4-485e-b328-1c8bbaad911b" />
      <TestMethod codeBase="C:/Users/Admin/Documents/Visual Studio 2010/Projects/OjoPodo/mppl/TestProject2/bin/Debug/TestProject2.DLL" adapterTypeName="Microsoft.VisualStudio.TestTools.TestTypes.Unit.UnitTestAdapter, Microsoft.VisualStudio.QualityTools.Tips.UnitTest.Adapter, Version=10.0.0.0, Culture=neutral, PublicKeyToken=b03f5f7f11d50a3a" className="TestProject2.menuUtamaUITest, TestProject2, Version=1.0.0.0, Culture=neutral, PublicKeyToken=null" name="menuUtamaUIConstructorTest" />
      <AspNet webSiteUrl="http://localhost:1904/">
        <Host pathToWebApp="D:\TIAN\KULIAH\SEMESTER 6\MPPL\FP\mppl\mppl" webAppRoot="/" />
      </AspNet>
    </UnitTest>
    <UnitTest name="setujuBatalCekTest1" storage="c:\users\admin\documents\visual studio 2010\projects\ojopodo\mppl\testproject2\bin\debug\testproject2.dll" id="2a3b770d-9df8-f0e4-4e3d-d4895d035b91">
      <Execution id="8290432a-2439-45be-8641-0b42bdcff467" />
      <TestMethod codeBase="C:/Users/Admin/Documents/Visual Studio 2010/Projects/OjoPodo/mppl/TestProject2/bin/Debug/TestProject2.DLL" adapterTypeName="Microsoft.VisualStudio.TestTools.TestTypes.Unit.UnitTestAdapter, Microsoft.VisualStudio.QualityTools.Tips.UnitTest.Adapter, Version=10.0.0.0, Culture=neutral, PublicKeyToken=b03f5f7f11d50a3a" className="TestProject2.prosesCekUiTest, TestProject2, Version=1.0.0.0, Culture=neutral, PublicKeyToken=null" name="setujuBatalCekTest1" />
      <AspNet webSiteUrl="http://localhost:1904/">
        <Host pathToWebApp="D:\TIAN\KULIAH\SEMESTER 6\MPPL\FP\mppl\mppl" webAppRoot="/" />
      </AspNet>
    </UnitTest>
    <UnitTest name="getFingerprintTest" storage="c:\users\admin\documents\visual studio 2010\projects\ojopodo\mppl\testproject2\bin\debug\testproject2.dll" id="69773ab7-eeed-a849-da98-e2f091e54fb2">
      <Execution id="1f6db7fb-cae0-42a4-b2dc-62555f7e81da" />
      <TestMethod codeBase="C:/Users/Admin/Documents/Visual Studio 2010/Projects/OjoPodo/mppl/TestProject2/bin/Debug/TestProject2.DLL" adapterTypeName="Microsoft.VisualStudio.TestTools.TestTypes.Unit.UnitTestAdapter, Microsoft.VisualStudio.QualityTools.Tips.UnitTest.Adapter, Version=10.0.0.0, Culture=neutral, PublicKeyToken=b03f5f7f11d50a3a" className="TestProject2.WinnowingTest, TestProject2, Version=1.0.0.0, Culture=neutral, PublicKeyToken=null" name="getFingerprintTest" />
      <AspNet webSiteUrl="http://localhost:1904/">
        <Host pathToWebApp="D:\TIAN\KULIAH\SEMESTER 6\MPPL\FP\mppl\mppl" webAppRoot="/" />
      </AspNet>
    </UnitTest>
    <UnitTest name="PenjelajahDirektoriUiConstructorTest" storage="c:\users\admin\documents\visual studio 2010\projects\ojopodo\mppl\testproject2\bin\debug\testproject2.dll" id="65d0434f-f0a5-99d5-e83c-4d1cfb69a9a9">
      <Execution id="28efe87b-76b9-431c-9a2b-4f9b9308f269" />
      <TestMethod codeBase="C:/Users/Admin/Documents/Visual Studio 2010/Projects/OjoPodo/mppl/TestProject2/bin/Debug/TestProject2.DLL" adapterTypeName="Microsoft.VisualStudio.TestTools.TestTypes.Unit.UnitTestAdapter, Microsoft.VisualStudio.QualityTools.Tips.UnitTest.Adapter, Version=10.0.0.0, Culture=neutral, PublicKeyToken=b03f5f7f11d50a3a" className="TestProject2.PenjelajahDirektoriUiTest, TestProject2, Version=1.0.0.0, Culture=neutral, PublicKeyToken=null" name="PenjelajahDirektoriUiConstructorTest" />
      <AspNet webSiteUrl="http://localhost:1904/">
        <Host pathToWebApp="D:\TIAN\KULIAH\SEMESTER 6\MPPL\FP\mppl\mppl" webAppRoot="/" />
      </AspNet>
    </UnitTest>
    <UnitTest name="controlTambahConstructorTest" storage="c:\users\admin\documents\visual studio 2010\projects\ojopodo\mppl\testproject2\bin\debug\testproject2.dll" id="86601b2e-43db-2fe2-36e8-be0b3a78dbe2">
      <Execution id="4cb44853-2082-4de5-b46b-5473c6e0aaec" />
      <TestMethod codeBase="C:/Users/Admin/Documents/Visual Studio 2010/Projects/OjoPodo/mppl/TestProject2/bin/Debug/TestProject2.DLL" adapterTypeName="Microsoft.VisualStudio.TestTools.TestTypes.Unit.UnitTestAdapter, Microsoft.VisualStudio.QualityTools.Tips.UnitTest.Adapter, Version=10.0.0.0, Culture=neutral, PublicKeyToken=b03f5f7f11d50a3a" className="TestProject2.controlTambahTest, TestProject2, Version=1.0.0.0, Culture=neutral, PublicKeyToken=null" name="controlTambahConstructorTest" />
      <AspNet webSiteUrl="http://localhost:1904/">
        <Host pathToWebApp="D:\TIAN\KULIAH\SEMESTER 6\MPPL\FP\mppl\mppl" webAppRoot="/" />
      </AspNet>
    </UnitTest>
    <UnitTest name="ControlCekConstructorTest" storage="c:\users\admin\documents\visual studio 2010\projects\ojopodo\mppl\testproject2\bin\debug\testproject2.dll" id="081bdbf6-b6cf-49e4-99f0-f336be370645">
      <Execution id="ea248dbd-d247-47a9-89c7-19f48ad0f2ce" />
      <TestMethod codeBase="C:/Users/Admin/Documents/Visual Studio 2010/Projects/OjoPodo/mppl/TestProject2/bin/Debug/TestProject2.DLL" adapterTypeName="Microsoft.VisualStudio.TestTools.TestTypes.Unit.UnitTestAdapter, Microsoft.VisualStudio.QualityTools.Tips.UnitTest.Adapter, Version=10.0.0.0, Culture=neutral, PublicKeyToken=b03f5f7f11d50a3a" className="TestProject2.ControlCekTest, TestProject2, Version=1.0.0.0, Culture=neutral, PublicKeyToken=null" name="ControlCekConstructorTest" />
      <AspNet webSiteUrl="http://localhost:1904/">
        <Host pathToWebApp="D:\TIAN\KULIAH\SEMESTER 6\MPPL\FP\mppl\mppl" webAppRoot="/" />
      </AspNet>
    </UnitTest>
    <UnitTest name="formCekUIConstructorTest" storage="c:\users\admin\documents\visual studio 2010\projects\ojopodo\mppl\testproject2\bin\debug\testproject2.dll" id="fa9e1b31-365f-f67e-ab00-96e063b8c7c2">
      <Execution id="02f709a1-b07d-4b34-bca0-ec26c30bf528" />
      <TestMethod codeBase="C:/Users/Admin/Documents/Visual Studio 2010/Projects/OjoPodo/mppl/TestProject2/bin/Debug/TestProject2.DLL" adapterTypeName="Microsoft.VisualStudio.TestTools.TestTypes.Unit.UnitTestAdapter, Microsoft.VisualStudio.QualityTools.Tips.UnitTest.Adapter, Version=10.0.0.0, Culture=neutral, PublicKeyToken=b03f5f7f11d50a3a" className="TestProject2.formCekUITest, TestProject2, Version=1.0.0.0, Culture=neutral, PublicKeyToken=null" name="formCekUIConstructorTest" />
      <AspNet webSiteUrl="http://localhost:1904/">
        <Host pathToWebApp="D:\TIAN\KULIAH\SEMESTER 6\MPPL\FP\mppl\mppl" webAppRoot="/" />
      </AspNet>
    </UnitTest>
    <UnitTest name="pilihModeFileTest" storage="c:\users\admin\documents\visual studio 2010\projects\ojopodo\mppl\testproject2\bin\debug\testproject2.dll" id="fc2d59e7-2976-02db-413a-2cdba087f6d2">
      <Execution id="38ea6486-a1be-4321-b1af-dd070a7851d4" />
      <TestMethod codeBase="C:/Users/Admin/Documents/Visual Studio 2010/Projects/OjoPodo/mppl/TestProject2/bin/Debug/TestProject2.DLL" adapterTypeName="Microsoft.VisualStudio.TestTools.TestTypes.Unit.UnitTestAdapter, Microsoft.VisualStudio.QualityTools.Tips.UnitTest.Adapter, Version=10.0.0.0, Culture=neutral, PublicKeyToken=b03f5f7f11d50a3a" className="TestProject2.formCekUITest, TestProject2, Version=1.0.0.0, Culture=neutral, PublicKeyToken=null" name="pilihModeFileTest" />
      <AspNet webSiteUrl="http://localhost:1904/">
        <Host pathToWebApp="D:\TIAN\KULIAH\SEMESTER 6\MPPL\FP\mppl\mppl" webAppRoot="/" />
      </AspNet>
    </UnitTest>
    <UnitTest name="uploadDokumenTest" storage="c:\users\admin\documents\visual studio 2010\projects\ojopodo\mppl\testproject2\bin\debug\testproject2.dll" id="1c58633c-d189-7f46-745a-73c2bc8ac956">
      <Execution id="29898db5-6a34-45c8-a91d-f7fd23cfd3a9" />
      <TestMethod codeBase="C:/Users/Admin/Documents/Visual Studio 2010/Projects/OjoPodo/mppl/TestProject2/bin/Debug/TestProject2.DLL" adapterTypeName="Microsoft.VisualStudio.TestTools.TestTypes.Unit.UnitTestAdapter, Microsoft.VisualStudio.QualityTools.Tips.UnitTest.Adapter, Version=10.0.0.0, Culture=neutral, PublicKeyToken=b03f5f7f11d50a3a" className="TestProject2.tambahUITest, TestProject2, Version=1.0.0.0, Culture=neutral, PublicKeyToken=null" name="uploadDokumenTest" />
      <AspNet webSiteUrl="http://localhost:1904/">
        <Host pathToWebApp="D:\TIAN\KULIAH\SEMESTER 6\MPPL\FP\mppl\mppl" webAppRoot="/" />
      </AspNet>
    </UnitTest>
    <UnitTest name="tekanBatalTest1" storage="c:\users\admin\documents\visual studio 2010\projects\ojopodo\mppl\testproject2\bin\debug\testproject2.dll" id="d3240ef7-eafd-c143-6c04-416ff28a9f99">
      <Execution id="f3c101b1-0d61-4aa1-8990-79811a9b2900" />
      <TestMethod codeBase="C:/Users/Admin/Documents/Visual Studio 2010/Projects/OjoPodo/mppl/TestProject2/bin/Debug/TestProject2.DLL" adapterTypeName="Microsoft.VisualStudio.TestTools.TestTypes.Unit.UnitTestAdapter, Microsoft.VisualStudio.QualityTools.Tips.UnitTest.Adapter, Version=10.0.0.0, Culture=neutral, PublicKeyToken=b03f5f7f11d50a3a" className="TestProject2.prosesCekUiTest, TestProject2, Version=1.0.0.0, Culture=neutral, PublicKeyToken=null" name="tekanBatalTest1" />
      <AspNet webSiteUrl="http://localhost:1904/">
        <Host pathToWebApp="D:\TIAN\KULIAH\SEMESTER 6\MPPL\FP\mppl\mppl" webAppRoot="/" />
      </AspNet>
    </UnitTest>
    <UnitTest name="WinnowingConstructorTest" storage="c:\users\admin\documents\visual studio 2010\projects\ojopodo\mppl\testproject2\bin\debug\testproject2.dll" id="64ad4b4e-ba6f-e06b-11be-8345bb24fabf">
      <Execution id="772df652-9753-4865-b2ec-909b5a1ad6e3" />
      <TestMethod codeBase="C:/Users/Admin/Documents/Visual Studio 2010/Projects/OjoPodo/mppl/TestProject2/bin/Debug/TestProject2.DLL" adapterTypeName="Microsoft.VisualStudio.TestTools.TestTypes.Unit.UnitTestAdapter, Microsoft.VisualStudio.QualityTools.Tips.UnitTest.Adapter, Version=10.0.0.0, Culture=neutral, PublicKeyToken=b03f5f7f11d50a3a" className="TestProject2.WinnowingTest, TestProject2, Version=1.0.0.0, Culture=neutral, PublicKeyToken=null" name="WinnowingConstructorTest" />
      <AspNet webSiteUrl="http://localhost:1904/">
        <Host pathToWebApp="D:\TIAN\KULIAH\SEMESTER 6\MPPL\FP\mppl\mppl" webAppRoot="/" />
      </AspNet>
    </UnitTest>
    <UnitTest name="simpanTest" storage="c:\users\admin\documents\visual studio 2010\projects\ojopodo\mppl\testproject2\bin\debug\testproject2.dll" id="606e1268-e2ae-e9a9-0462-ac7f52ce1c5f">
      <Execution id="13e61232-71e6-4399-8b02-7ff04c73213a" />
      <TestMethod codeBase="C:/Users/Admin/Documents/Visual Studio 2010/Projects/OjoPodo/mppl/TestProject2/bin/Debug/TestProject2.DLL" adapterTypeName="Microsoft.VisualStudio.TestTools.TestTypes.Unit.UnitTestAdapter, Microsoft.VisualStudio.QualityTools.Tips.UnitTest.Adapter, Version=10.0.0.0, Culture=neutral, PublicKeyToken=b03f5f7f11d50a3a" className="TestProject2.controlTambahTest, TestProject2, Version=1.0.0.0, Culture=neutral, PublicKeyToken=null" name="simpanTest" />
      <AspNet webSiteUrl="http://localhost:1904/">
        <Host pathToWebApp="D:\TIAN\KULIAH\SEMESTER 6\MPPL\FP\mppl\mppl" webAppRoot="/" />
      </AspNet>
    </UnitTest>
    <UnitTest name="tampilkanKemajuanTest1" storage="c:\users\admin\documents\visual studio 2010\projects\ojopodo\mppl\testproject2\bin\debug\testproject2.dll" id="eade35ce-1d0d-3ccd-56d1-ce7a9a79260e">
      <Execution id="b8c85657-fa10-4b8c-8f8f-64face7dcacf" />
      <TestMethod codeBase="C:/Users/Admin/Documents/Visual Studio 2010/Projects/OjoPodo/mppl/TestProject2/bin/Debug/TestProject2.DLL" adapterTypeName="Microsoft.VisualStudio.TestTools.TestTypes.Unit.UnitTestAdapter, Microsoft.VisualStudio.QualityTools.Tips.UnitTest.Adapter, Version=10.0.0.0, Culture=neutral, PublicKeyToken=b03f5f7f11d50a3a" className="TestProject2.prosesCekUiTest, TestProject2, Version=1.0.0.0, Culture=neutral, PublicKeyToken=null" name="tampilkanKemajuanTest1" />
      <AspNet webSiteUrl="http://localhost:1904/">
        <Host pathToWebApp="D:\TIAN\KULIAH\SEMESTER 6\MPPL\FP\mppl\mppl" webAppRoot="/" />
      </AspNet>
    </UnitTest>
    <UnitTest name="tampilkanKonfirmasiBatalTest1" storage="c:\users\admin\documents\visual studio 2010\projects\ojopodo\mppl\testproject2\bin\debug\testproject2.dll" id="75bd2c86-7df5-af67-d323-d4e68456f7d6">
      <Execution id="49329d7d-6f80-4178-bfc5-b7ab4216981d" />
      <TestMethod codeBase="C:/Users/Admin/Documents/Visual Studio 2010/Projects/OjoPodo/mppl/TestProject2/bin/Debug/TestProject2.DLL" adapterTypeName="Microsoft.VisualStudio.TestTools.TestTypes.Unit.UnitTestAdapter, Microsoft.VisualStudio.QualityTools.Tips.UnitTest.Adapter, Version=10.0.0.0, Culture=neutral, PublicKeyToken=b03f5f7f11d50a3a" className="TestProject2.prosesCekUiTest, TestProject2, Version=1.0.0.0, Culture=neutral, PublicKeyToken=null" name="tampilkanKonfirmasiBatalTest1" />
      <AspNet webSiteUrl="http://localhost:1904/">
        <Host pathToWebApp="D:\TIAN\KULIAH\SEMESTER 6\MPPL\FP\mppl\mppl" webAppRoot="/" />
      </AspNet>
    </UnitTest>
    <UnitTest name="tampilkanKonfirmasiBatalCekTest" storage="c:\users\admin\documents\visual studio 2010\projects\ojopodo\mppl\testproject2\bin\debug\testproject2.dll" id="3dd04a9a-5865-58e9-cd0f-6276d39b40f2">
      <Execution id="a24eb682-e6cf-414d-ad40-7858a554ebf9" />
      <TestMethod codeBase="C:/Users/Admin/Documents/Visual Studio 2010/Projects/OjoPodo/mppl/TestProject2/bin/Debug/TestProject2.DLL" adapterTypeName="Microsoft.VisualStudio.TestTools.TestTypes.Unit.UnitTestAdapter, Microsoft.VisualStudio.QualityTools.Tips.UnitTest.Adapter, Version=10.0.0.0, Culture=neutral, PublicKeyToken=b03f5f7f11d50a3a" className="TestProject2.prosesCekUiTest, TestProject2, Version=1.0.0.0, Culture=neutral, PublicKeyToken=null" name="tampilkanKonfirmasiBatalCekTest" />
      <AspNet webSiteUrl="http://localhost:1904/">
        <Host pathToWebApp="D:\TIAN\KULIAH\SEMESTER 6\MPPL\FP\mppl\mppl" webAppRoot="/" />
      </AspNet>
    </UnitTest>
    <UnitTest name="isiDataDokumenTest" storage="c:\users\admin\documents\visual studio 2010\projects\ojopodo\mppl\testproject2\bin\debug\testproject2.dll" id="7d0e268c-5343-fe7f-2b52-2465929a2ea0">
      <Execution id="351f0ebd-a2cf-4380-87a5-4d2c1fc40e8f" />
      <TestMethod codeBase="C:/Users/Admin/Documents/Visual Studio 2010/Projects/OjoPodo/mppl/TestProject2/bin/Debug/TestProject2.DLL" adapterTypeName="Microsoft.VisualStudio.TestTools.TestTypes.Unit.UnitTestAdapter, Microsoft.VisualStudio.QualityTools.Tips.UnitTest.Adapter, Version=10.0.0.0, Culture=neutral, PublicKeyToken=b03f5f7f11d50a3a" className="TestProject2.tambahUITest, TestProject2, Version=1.0.0.0, Culture=neutral, PublicKeyToken=null" name="isiDataDokumenTest" />
      <AspNet webSiteUrl="http://localhost:1904/">
        <Host pathToWebApp="D:\TIAN\KULIAH\SEMESTER 6\MPPL\FP\mppl\mppl" webAppRoot="/" />
      </AspNet>
    </UnitTest>
    <UnitTest name="getTest" storage="c:\users\admin\documents\visual studio 2010\projects\ojopodo\mppl\testproject2\bin\debug\testproject2.dll" id="0398c8bc-6b96-9d98-5b07-3f3fafbbb174">
      <Execution id="bfb3a562-cc3f-4c40-9fb8-e905fad10126" />
      <TestMethod codeBase="C:/Users/Admin/Documents/Visual Studio 2010/Projects/OjoPodo/mppl/TestProject2/bin/Debug/TestProject2.DLL" adapterTypeName="Microsoft.VisualStudio.TestTools.TestTypes.Unit.UnitTestAdapter, Microsoft.VisualStudio.QualityTools.Tips.UnitTest.Adapter, Version=10.0.0.0, Culture=neutral, PublicKeyToken=b03f5f7f11d50a3a" className="TestProject2.ModelDokumenTest, TestProject2, Version=1.0.0.0, Culture=neutral, PublicKeyToken=null" name="getTest" />
      <AspNet webSiteUrl="http://localhost:1904/">
        <Host pathToWebApp="D:\TIAN\KULIAH\SEMESTER 6\MPPL\FP\mppl\mppl" webAppRoot="/" />
      </AspNet>
    </UnitTest>
    <UnitTest name="pilihModeTeksTest" storage="c:\users\admin\documents\visual studio 2010\projects\ojopodo\mppl\testproject2\bin\debug\testproject2.dll" id="62c1693d-bab3-3882-cb61-aae989bfe7d6">
      <Execution id="49430e57-bb56-4411-ae00-192591039ed9" />
      <TestMethod codeBase="C:/Users/Admin/Documents/Visual Studio 2010/Projects/OjoPodo/mppl/TestProject2/bin/Debug/TestProject2.DLL" adapterTypeName="Microsoft.VisualStudio.TestTools.TestTypes.Unit.UnitTestAdapter, Microsoft.VisualStudio.QualityTools.Tips.UnitTest.Adapter, Version=10.0.0.0, Culture=neutral, PublicKeyToken=b03f5f7f11d50a3a" className="TestProject2.formCekUITest, TestProject2, Version=1.0.0.0, Culture=neutral, PublicKeyToken=null" name="pilihModeTeksTest" />
      <AspNet webSiteUrl="http://localhost:1904/">
        <Host pathToWebApp="D:\TIAN\KULIAH\SEMESTER 6\MPPL\FP\mppl\mppl" webAppRoot="/" />
      </AspNet>
    </UnitTest>
    <UnitTest name="ekstrakPdfTest" storage="c:\users\admin\documents\visual studio 2010\projects\ojopodo\mppl\testproject2\bin\debug\testproject2.dll" id="b2b6bf34-5d27-7871-c044-b864c55d1bbe">
      <DeploymentItems>
        <DeploymentItem filename="mppl.dll" />
      </DeploymentItems>
      <Execution id="23863ba5-5211-485e-b8b0-bd00cfe29bc1" />
      <TestMethod codeBase="C:/Users/Admin/Documents/Visual Studio 2010/Projects/OjoPodo/mppl/TestProject2/bin/Debug/TestProject2.DLL" adapterTypeName="Microsoft.VisualStudio.TestTools.TestTypes.Unit.UnitTestAdapter, Microsoft.VisualStudio.QualityTools.Tips.UnitTest.Adapter, Version=10.0.0.0, Culture=neutral, PublicKeyToken=b03f5f7f11d50a3a" className="TestProject2.ControlCekTest, TestProject2, Version=1.0.0.0, Culture=neutral, PublicKeyToken=null" name="ekstrakPdfTest" />
      <AspNet webSiteUrl="http://localhost:1904/">
        <Host pathToWebApp="D:\TIAN\KULIAH\SEMESTER 6\MPPL\FP\mppl\mppl" webAppRoot="/" />
      </AspNet>
    </UnitTest>
    <UnitTest name="hasilCekDokumenUiConstructorTest" storage="c:\users\admin\documents\visual studio 2010\projects\ojopodo\mppl\testproject2\bin\debug\testproject2.dll" id="f7b316c3-6ca9-cb65-3b0b-d56276d7bb99">
      <Execution id="7632681b-f32b-4ae2-b6ad-12f78eb15686" />
      <TestMethod codeBase="C:/Users/Admin/Documents/Visual Studio 2010/Projects/OjoPodo/mppl/TestProject2/bin/Debug/TestProject2.DLL" adapterTypeName="Microsoft.VisualStudio.TestTools.TestTypes.Unit.UnitTestAdapter, Microsoft.VisualStudio.QualityTools.Tips.UnitTest.Adapter, Version=10.0.0.0, Culture=neutral, PublicKeyToken=b03f5f7f11d50a3a" className="TestProject2.hasilCekDokumenUiTest, TestProject2, Version=1.0.0.0, Culture=neutral, PublicKeyToken=null" name="hasilCekDokumenUiConstructorTest" />
      <AspNet webSiteUrl="http://localhost:1904/">
        <Host pathToWebApp="D:\TIAN\KULIAH\SEMESTER 6\MPPL\FP\mppl\mppl" webAppRoot="/" />
      </AspNet>
    </UnitTest>
    <UnitTest name="prosesCekUiConstructorTest1" storage="c:\users\admin\documents\visual studio 2010\projects\ojopodo\mppl\testproject2\bin\debug\testproject2.dll" id="029ed198-0a15-2932-de69-c14e0a743bbe">
      <Execution id="7316e033-53d6-4754-9bb0-6ba6cba38e53" />
      <TestMethod codeBase="C:/Users/Admin/Documents/Visual Studio 2010/Projects/OjoPodo/mppl/TestProject2/bin/Debug/TestProject2.DLL" adapterTypeName="Microsoft.VisualStudio.TestTools.TestTypes.Unit.UnitTestAdapter, Microsoft.VisualStudio.QualityTools.Tips.UnitTest.Adapter, Version=10.0.0.0, Culture=neutral, PublicKeyToken=b03f5f7f11d50a3a" className="TestProject2.prosesCekUiTest, TestProject2, Version=1.0.0.0, Culture=neutral, PublicKeyToken=null" name="prosesCekUiConstructorTest1" />
      <AspNet webSiteUrl="http://localhost:1904/">
        <Host pathToWebApp="D:\TIAN\KULIAH\SEMESTER 6\MPPL\FP\mppl\mppl" webAppRoot="/" />
      </AspNet>
    </UnitTest>
    <UnitTest name="prosesCekUiConstructorTest" storage="c:\users\admin\documents\visual studio 2010\projects\ojopodo\mppl\testproject2\bin\debug\testproject2.dll" id="f2007434-ce6d-54df-c2eb-a1ab0bc0fa04">
      <Execution id="ce5ec84e-cbd4-469e-904a-afd1c2dd1ff7" />
      <TestMethod codeBase="C:/Users/Admin/Documents/Visual Studio 2010/Projects/OjoPodo/mppl/TestProject2/bin/Debug/TestProject2.DLL" adapterTypeName="Microsoft.VisualStudio.TestTools.TestTypes.Unit.UnitTestAdapter, Microsoft.VisualStudio.QualityTools.Tips.UnitTest.Adapter, Version=10.0.0.0, Culture=neutral, PublicKeyToken=b03f5f7f11d50a3a" className="TestProject2.prosesCekUiTest, TestProject2, Version=1.0.0.0, Culture=neutral, PublicKeyToken=null" name="prosesCekUiConstructorTest" />
      <AspNet webSiteUrl="http://localhost:1904/">
        <Host pathToWebApp="D:\TIAN\KULIAH\SEMESTER 6\MPPL\FP\mppl\mppl" webAppRoot="/" />
      </AspNet>
    </UnitTest>
    <UnitTest name="tampilkanDirektoriTest" storage="c:\users\admin\documents\visual studio 2010\projects\ojopodo\mppl\testproject2\bin\debug\testproject2.dll" id="8f16abe5-f34d-1113-b553-619f972f23f8">
      <Execution id="bbfbb3c8-1929-4387-ab82-61f2dd54eb16" />
      <TestMethod codeBase="C:/Users/Admin/Documents/Visual Studio 2010/Projects/OjoPodo/mppl/TestProject2/bin/Debug/TestProject2.DLL" adapterTypeName="Microsoft.VisualStudio.TestTools.TestTypes.Unit.UnitTestAdapter, Microsoft.VisualStudio.QualityTools.Tips.UnitTest.Adapter, Version=10.0.0.0, Culture=neutral, PublicKeyToken=b03f5f7f11d50a3a" className="TestProject2.PenjelajahDirektoriUiTest, TestProject2, Version=1.0.0.0, Culture=neutral, PublicKeyToken=null" name="tampilkanDirektoriTest" />
      <AspNet webSiteUrl="http://localhost:1904/">
        <Host pathToWebApp="D:\TIAN\KULIAH\SEMESTER 6\MPPL\FP\mppl\mppl" webAppRoot="/" />
      </AspNet>
    </UnitTest>
    <UnitTest name="pilihDokumenTest" storage="c:\users\admin\documents\visual studio 2010\projects\ojopodo\mppl\testproject2\bin\debug\testproject2.dll" id="cd5f66a4-1649-71a8-b970-8c5a4bee2167">
      <Execution id="967542e4-0e0b-4a6e-8a8d-53ca01728c14" />
      <TestMethod codeBase="C:/Users/Admin/Documents/Visual Studio 2010/Projects/OjoPodo/mppl/TestProject2/bin/Debug/TestProject2.DLL" adapterTypeName="Microsoft.VisualStudio.TestTools.TestTypes.Unit.UnitTestAdapter, Microsoft.VisualStudio.QualityTools.Tips.UnitTest.Adapter, Version=10.0.0.0, Culture=neutral, PublicKeyToken=b03f5f7f11d50a3a" className="TestProject2.PenjelajahDirektoriUiTest, TestProject2, Version=1.0.0.0, Culture=neutral, PublicKeyToken=null" name="pilihDokumenTest" />
      <AspNet webSiteUrl="http://localhost:1904/">
        <Host pathToWebApp="D:\TIAN\KULIAH\SEMESTER 6\MPPL\FP\mppl\mppl" webAppRoot="/" />
      </AspNet>
    </UnitTest>
    <UnitTest name="insertTest" storage="c:\users\admin\documents\visual studio 2010\projects\ojopodo\mppl\testproject2\bin\debug\testproject2.dll" id="1bcaa719-fb49-1cc1-cff8-ba102164e4e7">
      <Execution id="dc2afbd8-80cb-4d73-a63a-df7446f08eb2" />
      <TestMethod codeBase="C:/Users/Admin/Documents/Visual Studio 2010/Projects/OjoPodo/mppl/TestProject2/bin/Debug/TestProject2.DLL" adapterTypeName="Microsoft.VisualStudio.TestTools.TestTypes.Unit.UnitTestAdapter, Microsoft.VisualStudio.QualityTools.Tips.UnitTest.Adapter, Version=10.0.0.0, Culture=neutral, PublicKeyToken=b03f5f7f11d50a3a" className="TestProject2.ModelDokumenTest, TestProject2, Version=1.0.0.0, Culture=neutral, PublicKeyToken=null" name="insertTest" />
      <AspNet webSiteUrl="http://localhost:1904/">
        <Host pathToWebApp="D:\TIAN\KULIAH\SEMESTER 6\MPPL\FP\mppl\mppl" webAppRoot="/" />
      </AspNet>
    </UnitTest>
    <UnitTest name="primeRollingHashTest" storage="c:\users\admin\documents\visual studio 2010\projects\ojopodo\mppl\testproject2\bin\debug\testproject2.dll" id="f827ecbb-9b3f-3337-ba7b-52af22e53528">
      <DeploymentItems>
        <DeploymentItem filename="mppl.dll" />
      </DeploymentItems>
      <Execution id="7c55c936-b576-4991-a024-50d3fb1f52a5" />
      <TestMethod codeBase="C:/Users/Admin/Documents/Visual Studio 2010/Projects/OjoPodo/mppl/TestProject2/bin/Debug/TestProject2.DLL" adapterTypeName="Microsoft.VisualStudio.TestTools.TestTypes.Unit.UnitTestAdapter, Microsoft.VisualStudio.QualityTools.Tips.UnitTest.Adapter, Version=10.0.0.0, Culture=neutral, PublicKeyToken=b03f5f7f11d50a3a" className="TestProject2.WinnowingTest, TestProject2, Version=1.0.0.0, Culture=neutral, PublicKeyToken=null" name="primeRollingHashTest" />
      <AspNet webSiteUrl="http://localhost:1904/">
        <Host pathToWebApp="D:\TIAN\KULIAH\SEMESTER 6\MPPL\FP\mppl\mppl" webAppRoot="/" />
      </AspNet>
    </UnitTest>
    <UnitTest name="ModelDokumenConstructorTest" storage="c:\users\admin\documents\visual studio 2010\projects\ojopodo\mppl\testproject2\bin\debug\testproject2.dll" id="85923523-7d8a-8fcb-ff3d-8f4645ed1586">
      <Execution id="2c114ef9-23d0-473e-b081-6603b75402eb" />
      <TestMethod codeBase="C:/Users/Admin/Documents/Visual Studio 2010/Projects/OjoPodo/mppl/TestProject2/bin/Debug/TestProject2.DLL" adapterTypeName="Microsoft.VisualStudio.TestTools.TestTypes.Unit.UnitTestAdapter, Microsoft.VisualStudio.QualityTools.Tips.UnitTest.Adapter, Version=10.0.0.0, Culture=neutral, PublicKeyToken=b03f5f7f11d50a3a" className="TestProject2.ModelDokumenTest, TestProject2, Version=1.0.0.0, Culture=neutral, PublicKeyToken=null" name="ModelDokumenConstructorTest" />
      <AspNet webSiteUrl="http://localhost:1904/">
        <Host pathToWebApp="D:\TIAN\KULIAH\SEMESTER 6\MPPL\FP\mppl\mppl" webAppRoot="/" />
      </AspNet>
    </UnitTest>
    <UnitTest name="setHashTest" storage="c:\users\admin\documents\visual studio 2010\projects\ojopodo\mppl\testproject2\bin\debug\testproject2.dll" id="0df9a5a7-4d10-427d-900c-76cba404630d">
      <DeploymentItems>
        <DeploymentItem filename="mppl.dll" />
      </DeploymentItems>
      <Execution id="c0c94582-a911-4b36-aec8-42addea448e6" />
      <TestMethod codeBase="C:/Users/Admin/Documents/Visual Studio 2010/Projects/OjoPodo/mppl/TestProject2/bin/Debug/TestProject2.DLL" adapterTypeName="Microsoft.VisualStudio.TestTools.TestTypes.Unit.UnitTestAdapter, Microsoft.VisualStudio.QualityTools.Tips.UnitTest.Adapter, Version=10.0.0.0, Culture=neutral, PublicKeyToken=b03f5f7f11d50a3a" className="TestProject2.WinnowingTest, TestProject2, Version=1.0.0.0, Culture=neutral, PublicKeyToken=null" name="setHashTest" />
      <AspNet webSiteUrl="http://localhost:1904/">
        <Host pathToWebApp="D:\TIAN\KULIAH\SEMESTER 6\MPPL\FP\mppl\mppl" webAppRoot="/" />
      </AspNet>
    </UnitTest>
    <UnitTest name="tampilkanKemajuanTest" storage="c:\users\admin\documents\visual studio 2010\projects\ojopodo\mppl\testproject2\bin\debug\testproject2.dll" id="ed30a599-ad27-4551-e708-9963fda8fa65">
      <Execution id="fca16e47-cb31-4ba8-8f39-91cf6897d845" />
      <TestMethod codeBase="C:/Users/Admin/Documents/Visual Studio 2010/Projects/OjoPodo/mppl/TestProject2/bin/Debug/TestProject2.DLL" adapterTypeName="Microsoft.VisualStudio.TestTools.TestTypes.Unit.UnitTestAdapter, Microsoft.VisualStudio.QualityTools.Tips.UnitTest.Adapter, Version=10.0.0.0, Culture=neutral, PublicKeyToken=b03f5f7f11d50a3a" className="TestProject2.prosesCekUiTest, TestProject2, Version=1.0.0.0, Culture=neutral, PublicKeyToken=null" name="tampilkanKemajuanTest" />
      <AspNet webSiteUrl="http://localhost:1904/">
        <Host pathToWebApp="D:\TIAN\KULIAH\SEMESTER 6\MPPL\FP\mppl\mppl" webAppRoot="/" />
      </AspNet>
    </UnitTest>
    <UnitTest name="rollHashRightTest" storage="c:\users\admin\documents\visual studio 2010\projects\ojopodo\mppl\testproject2\bin\debug\testproject2.dll" id="d0be2a1b-146a-63d1-0134-b0aaacded6df">
      <Execution id="8660fe1a-ab6c-4d3b-aaa8-566ddca02a8c" />
      <TestMethod codeBase="C:/Users/Admin/Documents/Visual Studio 2010/Projects/OjoPodo/mppl/TestProject2/bin/Debug/TestProject2.DLL" adapterTypeName="Microsoft.VisualStudio.TestTools.TestTypes.Unit.UnitTestAdapter, Microsoft.VisualStudio.QualityTools.Tips.UnitTest.Adapter, Version=10.0.0.0, Culture=neutral, PublicKeyToken=b03f5f7f11d50a3a" className="TestProject2.WinnowingTest, TestProject2, Version=1.0.0.0, Culture=neutral, PublicKeyToken=null" name="rollHashRightTest" />
      <AspNet webSiteUrl="http://localhost:1904/">
        <Host pathToWebApp="D:\TIAN\KULIAH\SEMESTER 6\MPPL\FP\mppl\mppl" webAppRoot="/" />
      </AspNet>
    </UnitTest>
    <UnitTest name="tekanTombolCekTest" storage="c:\users\admin\documents\visual studio 2010\projects\ojopodo\mppl\testproject2\bin\debug\testproject2.dll" id="670b3134-0340-dc18-729c-7ad8c4da9d0a">
      <Execution id="e474f0df-755c-4974-a46e-96b88247cf7f" />
      <TestMethod codeBase="C:/Users/Admin/Documents/Visual Studio 2010/Projects/OjoPodo/mppl/TestProject2/bin/Debug/TestProject2.DLL" adapterTypeName="Microsoft.VisualStudio.TestTools.TestTypes.Unit.UnitTestAdapter, Microsoft.VisualStudio.QualityTools.Tips.UnitTest.Adapter, Version=10.0.0.0, Culture=neutral, PublicKeyToken=b03f5f7f11d50a3a" className="TestProject2.formCekUITest, TestProject2, Version=1.0.0.0, Culture=neutral, PublicKeyToken=null" name="tekanTombolCekTest" />
      <AspNet webSiteUrl="http://localhost:1904/">
        <Host pathToWebApp="D:\TIAN\KULIAH\SEMESTER 6\MPPL\FP\mppl\mppl" webAppRoot="/" />
      </AspNet>
    </UnitTest>
  </TestDefinitions>
  <TestLists>
    <TestList name="Results Not in a List" id="8c84fa94-04c1-424b-9868-57a2d4851a1d" />
    <TestList name="All Loaded Results" id="19431567-8539-422a-85d7-44ee4e166bda" />
  </TestLists>
  <TestEntries>
    <TestEntry testId="f7b316c3-6ca9-cb65-3b0b-d56276d7bb99" executionId="7632681b-f32b-4ae2-b6ad-12f78eb15686" testListId="8c84fa94-04c1-424b-9868-57a2d4851a1d" />
    <TestEntry testId="e3f6b427-c2b5-581d-7a03-7e51570a39c8" executionId="5257093d-b825-4e91-953a-ab500600e61e" testListId="8c84fa94-04c1-424b-9868-57a2d4851a1d" />
    <TestEntry testId="db46635a-c39c-bd8d-b0b6-a0672a310324" executionId="a42b7f6f-36c4-485e-b328-1c8bbaad911b" testListId="8c84fa94-04c1-424b-9868-57a2d4851a1d" />
    <TestEntry testId="ee2d4e2e-8c2c-c2a8-9060-2fd4da3dca4c" executionId="979c3f6b-69a8-4288-beff-2f167c1de9d9" testListId="8c84fa94-04c1-424b-9868-57a2d4851a1d" />
    <TestEntry testId="85923523-7d8a-8fcb-ff3d-8f4645ed1586" executionId="2c114ef9-23d0-473e-b081-6603b75402eb" testListId="8c84fa94-04c1-424b-9868-57a2d4851a1d" />
    <TestEntry testId="0398c8bc-6b96-9d98-5b07-3f3fafbbb174" executionId="bfb3a562-cc3f-4c40-9fb8-e905fad10126" testListId="8c84fa94-04c1-424b-9868-57a2d4851a1d" />
    <TestEntry testId="11a0b8b6-517e-3449-94b4-b6aa24b0e43f" executionId="d7b12890-ca43-4928-b206-44647f77d70f" testListId="8c84fa94-04c1-424b-9868-57a2d4851a1d" />
    <TestEntry testId="1bcaa719-fb49-1cc1-cff8-ba102164e4e7" executionId="dc2afbd8-80cb-4d73-a63a-df7446f08eb2" testListId="8c84fa94-04c1-424b-9868-57a2d4851a1d" />
    <TestEntry testId="2b05458b-2669-42a0-265b-f0a0096a393d" executionId="931fd51d-454d-45b4-8404-07db2fd700ab" testListId="8c84fa94-04c1-424b-9868-57a2d4851a1d" />
    <TestEntry testId="65d0434f-f0a5-99d5-e83c-4d1cfb69a9a9" executionId="28efe87b-76b9-431c-9a2b-4f9b9308f269" testListId="8c84fa94-04c1-424b-9868-57a2d4851a1d" />
    <TestEntry testId="cd5f66a4-1649-71a8-b970-8c5a4bee2167" executionId="967542e4-0e0b-4a6e-8a8d-53ca01728c14" testListId="8c84fa94-04c1-424b-9868-57a2d4851a1d" />
    <TestEntry testId="8f16abe5-f34d-1113-b553-619f972f23f8" executionId="bbfbb3c8-1929-4387-ab82-61f2dd54eb16" testListId="8c84fa94-04c1-424b-9868-57a2d4851a1d" />
    <TestEntry testId="64ad4b4e-ba6f-e06b-11be-8345bb24fabf" executionId="772df652-9753-4865-b2ec-909b5a1ad6e3" testListId="8c84fa94-04c1-424b-9868-57a2d4851a1d" />
    <TestEntry testId="69773ab7-eeed-a849-da98-e2f091e54fb2" executionId="1f6db7fb-cae0-42a4-b2dc-62555f7e81da" testListId="8c84fa94-04c1-424b-9868-57a2d4851a1d" />
    <TestEntry testId="f827ecbb-9b3f-3337-ba7b-52af22e53528" executionId="7c55c936-b576-4991-a024-50d3fb1f52a5" testListId="8c84fa94-04c1-424b-9868-57a2d4851a1d" />
    <TestEntry testId="d0be2a1b-146a-63d1-0134-b0aaacded6df" executionId="8660fe1a-ab6c-4d3b-aaa8-566ddca02a8c" testListId="8c84fa94-04c1-424b-9868-57a2d4851a1d" />
    <TestEntry testId="0df9a5a7-4d10-427d-900c-76cba404630d" executionId="c0c94582-a911-4b36-aec8-42addea448e6" testListId="8c84fa94-04c1-424b-9868-57a2d4851a1d" />
    <TestEntry testId="fb2baaf1-10c4-c978-111e-182bac5bcfcf" executionId="072868b9-5aa6-438d-ad64-e43bc9c81dbc" testListId="8c84fa94-04c1-424b-9868-57a2d4851a1d" />
    <TestEntry testId="b2b6bf34-5d27-7871-c044-b864c55d1bbe" executionId="23863ba5-5211-485e-b8b0-bd00cfe29bc1" testListId="8c84fa94-04c1-424b-9868-57a2d4851a1d" />
    <TestEntry testId="65d1fb28-ce52-ca15-ac3b-99d2be3735b6" executionId="0667c078-55bb-4106-a7a3-e68b0a56753c" testListId="8c84fa94-04c1-424b-9868-57a2d4851a1d" />
    <TestEntry testId="081bdbf6-b6cf-49e4-99f0-f336be370645" executionId="ea248dbd-d247-47a9-89c7-19f48ad0f2ce" testListId="8c84fa94-04c1-424b-9868-57a2d4851a1d" />
    <TestEntry testId="f2007434-ce6d-54df-c2eb-a1ab0bc0fa04" executionId="ce5ec84e-cbd4-469e-904a-afd1c2dd1ff7" testListId="8c84fa94-04c1-424b-9868-57a2d4851a1d" />
    <TestEntry testId="6214e58f-9145-acdf-2369-49c797787222" executionId="b4f837c5-0793-4341-875a-94f10504375e" testListId="8c84fa94-04c1-424b-9868-57a2d4851a1d" />
    <TestEntry testId="ed30a599-ad27-4551-e708-9963fda8fa65" executionId="fca16e47-cb31-4ba8-8f39-91cf6897d845" testListId="8c84fa94-04c1-424b-9868-57a2d4851a1d" />
    <TestEntry testId="ab2b4e2d-0e8e-d089-6401-526ffbdc7005" executionId="fede35ad-1b8a-47e8-80eb-314bc2008851" testListId="8c84fa94-04c1-424b-9868-57a2d4851a1d" />
    <TestEntry testId="3dd04a9a-5865-58e9-cd0f-6276d39b40f2" executionId="a24eb682-e6cf-414d-ad40-7858a554ebf9" testListId="8c84fa94-04c1-424b-9868-57a2d4851a1d" />
    <TestEntry testId="646eff43-91cf-e8c8-52fb-f9c5ad11e7f2" executionId="3cf54a03-c843-4717-b4b7-04e3bf7e3d3b" testListId="8c84fa94-04c1-424b-9868-57a2d4851a1d" />
    <TestEntry testId="029ed198-0a15-2932-de69-c14e0a743bbe" executionId="7316e033-53d6-4754-9bb0-6ba6cba38e53" testListId="8c84fa94-04c1-424b-9868-57a2d4851a1d" />
    <TestEntry testId="2a3b770d-9df8-f0e4-4e3d-d4895d035b91" executionId="8290432a-2439-45be-8641-0b42bdcff467" testListId="8c84fa94-04c1-424b-9868-57a2d4851a1d" />
    <TestEntry testId="eade35ce-1d0d-3ccd-56d1-ce7a9a79260e" executionId="b8c85657-fa10-4b8c-8f8f-64face7dcacf" testListId="8c84fa94-04c1-424b-9868-57a2d4851a1d" />
    <TestEntry testId="75bd2c86-7df5-af67-d323-d4e68456f7d6" executionId="49329d7d-6f80-4178-bfc5-b7ab4216981d" testListId="8c84fa94-04c1-424b-9868-57a2d4851a1d" />
    <TestEntry testId="d006c7c5-6a8c-0048-fecf-45dd47684e33" executionId="e6cff912-498b-4cd4-9110-a5ae73e3c018" testListId="8c84fa94-04c1-424b-9868-57a2d4851a1d" />
    <TestEntry testId="d3240ef7-eafd-c143-6c04-416ff28a9f99" executionId="f3c101b1-0d61-4aa1-8990-79811a9b2900" testListId="8c84fa94-04c1-424b-9868-57a2d4851a1d" />
    <TestEntry testId="fa9e1b31-365f-f67e-ab00-96e063b8c7c2" executionId="02f709a1-b07d-4b34-bca0-ec26c30bf528" testListId="8c84fa94-04c1-424b-9868-57a2d4851a1d" />
    <TestEntry testId="fc2d59e7-2976-02db-413a-2cdba087f6d2" executionId="38ea6486-a1be-4321-b1af-dd070a7851d4" testListId="8c84fa94-04c1-424b-9868-57a2d4851a1d" />
    <TestEntry testId="62c1693d-bab3-3882-cb61-aae989bfe7d6" executionId="49430e57-bb56-4411-ae00-192591039ed9" testListId="8c84fa94-04c1-424b-9868-57a2d4851a1d" />
    <TestEntry testId="670b3134-0340-dc18-729c-7ad8c4da9d0a" executionId="e474f0df-755c-4974-a46e-96b88247cf7f" testListId="8c84fa94-04c1-424b-9868-57a2d4851a1d" />
    <TestEntry testId="86601b2e-43db-2fe2-36e8-be0b3a78dbe2" executionId="4cb44853-2082-4de5-b46b-5473c6e0aaec" testListId="8c84fa94-04c1-424b-9868-57a2d4851a1d" />
    <TestEntry testId="606e1268-e2ae-e9a9-0462-ac7f52ce1c5f" executionId="13e61232-71e6-4399-8b02-7ff04c73213a" testListId="8c84fa94-04c1-424b-9868-57a2d4851a1d" />
    <TestEntry testId="1c58633c-d189-7f46-745a-73c2bc8ac956" executionId="29898db5-6a34-45c8-a91d-f7fd23cfd3a9" testListId="8c84fa94-04c1-424b-9868-57a2d4851a1d" />
    <TestEntry testId="380e6108-d79b-4b3b-1d75-88697b5807ae" executionId="3f3172a4-7191-4b6e-85d7-6b16a448725f" testListId="8c84fa94-04c1-424b-9868-57a2d4851a1d" />
    <TestEntry testId="7d0e268c-5343-fe7f-2b52-2465929a2ea0" executionId="351f0ebd-a2cf-4380-87a5-4d2c1fc40e8f" testListId="8c84fa94-04c1-424b-9868-57a2d4851a1d" />
  </TestEntries>
  <Results>
    <UnitTestResult executionId="7632681b-f32b-4ae2-b6ad-12f78eb15686" testId="f7b316c3-6ca9-cb65-3b0b-d56276d7bb99" testName="hasilCekDokumenUiConstructorTest" computerName="ALRAZI" startTime="2012-05-26T13:11:52.1402600+07:00" endTime="2012-05-26T13:11:52.5022600+07:00" testType="13cdc9d9-ddb5-4fa4-a97d-d965ccfc6d4b" outcome="Failed" testListId="8c84fa94-04c1-424b-9868-57a2d4851a1d" relativeResultsDirectory="7632681b-f32b-4ae2-b6ad-12f78eb15686">
      <Output>
        <ErrorInfo>
          <Message>The Web site path 'D:\TIAN\KULIAH\SEMESTER 6\MPPL\FP\mppl\mppl' does not exist. Tests configured to run in ASP.NET Development Server must specify a valid path to the Web site. Correct the AspNetDevelopmentServerHost attribute for the test. For more information about ASP.NET unit tests, see "How to: Create an ASP.NET Unit Test" (http://go.microsoft.com/fwlink/?LinkId=62608) and "Testing Web Services" (http://go.microsoft.com/fwlink/?LinkId=62609) in the MSDN Library.</Message>
        </ErrorInfo>
      </Output>
    </UnitTestResult>
    <UnitTestResult executionId="5257093d-b825-4e91-953a-ab500600e61e" testId="e3f6b427-c2b5-581d-7a03-7e51570a39c8" testName="tampilkanHasilTest" computerName="ALRAZI" startTime="2012-05-26T13:11:52.5132600+07:00" endTime="2012-05-26T13:11:52.6182600+07:00" testType="13cdc9d9-ddb5-4fa4-a97d-d965ccfc6d4b" outcome="Failed" testListId="8c84fa94-04c1-424b-9868-57a2d4851a1d" relativeResultsDirectory="5257093d-b825-4e91-953a-ab500600e61e">
      <Output>
        <ErrorInfo>
          <Message>The Web site path 'D:\TIAN\KULIAH\SEMESTER 6\MPPL\FP\mppl\mppl' does not exist. Tests configured to run in ASP.NET Development Server must specify a valid path to the Web site. Correct the AspNetDevelopmentServerHost attribute for the test. For more information about ASP.NET unit tests, see "How to: Create an ASP.NET Unit Test" (http://go.microsoft.com/fwlink/?LinkId=62608) and "Testing Web Services" (http://go.microsoft.com/fwlink/?LinkId=62609) in the MSDN Library.</Message>
        </ErrorInfo>
      </Output>
    </UnitTestResult>
    <UnitTestResult executionId="a42b7f6f-36c4-485e-b328-1c8bbaad911b" testId="db46635a-c39c-bd8d-b0b6-a0672a310324" testName="menuUtamaUIConstructorTest" computerName="ALRAZI" startTime="2012-05-26T13:11:52.6362600+07:00" endTime="2012-05-26T13:11:52.6502600+07:00" testType="13cdc9d9-ddb5-4fa4-a97d-d965ccfc6d4b" outcome="Failed" testListId="8c84fa94-04c1-424b-9868-57a2d4851a1d" relativeResultsDirectory="a42b7f6f-36c4-485e-b328-1c8bbaad911b">
      <Output>
        <ErrorInfo>
          <Message>The Web site path 'D:\TIAN\KULIAH\SEMESTER 6\MPPL\FP\mppl\mppl' does not exist. Tests configured to run in ASP.NET Development Server must specify a valid path to the Web site. Correct the AspNetDevelopmentServerHost attribute for the test. For more information about ASP.NET unit tests, see "How to: Create an ASP.NET Unit Test" (http://go.microsoft.com/fwlink/?LinkId=62608) and "Testing Web Services" (http://go.microsoft.com/fwlink/?LinkId=62609) in the MSDN Library.</Message>
        </ErrorInfo>
      </Output>
    </UnitTestResult>
    <UnitTestResult executionId="979c3f6b-69a8-4288-beff-2f167c1de9d9" testId="ee2d4e2e-8c2c-c2a8-9060-2fd4da3dca4c" testName="pilihCekDokumenTest" computerName="ALRAZI" startTime="2012-05-26T13:11:52.6582600+07:00" endTime="2012-05-26T13:11:52.6702600+07:00" testType="13cdc9d9-ddb5-4fa4-a97d-d965ccfc6d4b" outcome="Failed" testListId="8c84fa94-04c1-424b-9868-57a2d4851a1d" relativeResultsDirectory="979c3f6b-69a8-4288-beff-2f167c1de9d9">
      <Output>
        <ErrorInfo>
          <Message>The Web site path 'D:\TIAN\KULIAH\SEMESTER 6\MPPL\FP\mppl\mppl' does not exist. Tests configured to run in ASP.NET Development Server must specify a valid path to the Web site. Correct the AspNetDevelopmentServerHost attribute for the test. For more information about ASP.NET unit tests, see "How to: Create an ASP.NET Unit Test" (http://go.microsoft.com/fwlink/?LinkId=62608) and "Testing Web Services" (http://go.microsoft.com/fwlink/?LinkId=62609) in the MSDN Library.</Message>
        </ErrorInfo>
      </Output>
    </UnitTestResult>
    <UnitTestResult executionId="2c114ef9-23d0-473e-b081-6603b75402eb" testId="85923523-7d8a-8fcb-ff3d-8f4645ed1586" testName="ModelDokumenConstructorTest" computerName="ALRAZI" startTime="2012-05-26T13:11:52.6782600+07:00" endTime="2012-05-26T13:11:52.6882600+07:00" testType="13cdc9d9-ddb5-4fa4-a97d-d965ccfc6d4b" outcome="Failed" testListId="8c84fa94-04c1-424b-9868-57a2d4851a1d" relativeResultsDirectory="2c114ef9-23d0-473e-b081-6603b75402eb">
      <Output>
        <ErrorInfo>
          <Message>The Web site path 'D:\TIAN\KULIAH\SEMESTER 6\MPPL\FP\mppl\mppl' does not exist. Tests configured to run in ASP.NET Development Server must specify a valid path to the Web site. Correct the AspNetDevelopmentServerHost attribute for the test. For more information about ASP.NET unit tests, see "How to: Create an ASP.NET Unit Test" (http://go.microsoft.com/fwlink/?LinkId=62608) and "Testing Web Services" (http://go.microsoft.com/fwlink/?LinkId=62609) in the MSDN Library.</Message>
        </ErrorInfo>
      </Output>
    </UnitTestResult>
    <UnitTestResult executionId="bfb3a562-cc3f-4c40-9fb8-e905fad10126" testId="0398c8bc-6b96-9d98-5b07-3f3fafbbb174" testName="getTest" computerName="ALRAZI" startTime="2012-05-26T13:11:52.6982600+07:00" endTime="2012-05-26T13:11:52.7092600+07:00" testType="13cdc9d9-ddb5-4fa4-a97d-d965ccfc6d4b" outcome="Failed" testListId="8c84fa94-04c1-424b-9868-57a2d4851a1d" relativeResultsDirectory="bfb3a562-cc3f-4c40-9fb8-e905fad10126">
      <Output>
        <ErrorInfo>
          <Message>The Web site path 'D:\TIAN\KULIAH\SEMESTER 6\MPPL\FP\mppl\mppl' does not exist. Tests configured to run in ASP.NET Development Server must specify a valid path to the Web site. Correct the AspNetDevelopmentServerHost attribute for the test. For more information about ASP.NET unit tests, see "How to: Create an ASP.NET Unit Test" (http://go.microsoft.com/fwlink/?LinkId=62608) and "Testing Web Services" (http://go.microsoft.com/fwlink/?LinkId=62609) in the MSDN Library.</Message>
        </ErrorInfo>
      </Output>
    </UnitTestResult>
    <UnitTestResult executionId="d7b12890-ca43-4928-b206-44647f77d70f" testId="11a0b8b6-517e-3449-94b4-b6aa24b0e43f" testName="getByIdTest" computerName="ALRAZI" startTime="2012-05-26T13:11:52.7182600+07:00" endTime="2012-05-26T13:11:52.7482600+07:00" testType="13cdc9d9-ddb5-4fa4-a97d-d965ccfc6d4b" outcome="Failed" testListId="8c84fa94-04c1-424b-9868-57a2d4851a1d" relativeResultsDirectory="d7b12890-ca43-4928-b206-44647f77d70f">
      <Output>
        <ErrorInfo>
          <Message>The Web site path 'D:\TIAN\KULIAH\SEMESTER 6\MPPL\FP\mppl\mppl' does not exist. Tests configured to run in ASP.NET Development Server must specify a valid path to the Web site. Correct the AspNetDevelopmentServerHost attribute for the test. For more information about ASP.NET unit tests, see "How to: Create an ASP.NET Unit Test" (http://go.microsoft.com/fwlink/?LinkId=62608) and "Testing Web Services" (http://go.microsoft.com/fwlink/?LinkId=62609) in the MSDN Library.</Message>
        </ErrorInfo>
      </Output>
    </UnitTestResult>
    <UnitTestResult executionId="dc2afbd8-80cb-4d73-a63a-df7446f08eb2" testId="1bcaa719-fb49-1cc1-cff8-ba102164e4e7" testName="insertTest" computerName="ALRAZI" startTime="2012-05-26T13:11:52.7572600+07:00" endTime="2012-05-26T13:11:52.7682600+07:00" testType="13cdc9d9-ddb5-4fa4-a97d-d965ccfc6d4b" outcome="Failed" testListId="8c84fa94-04c1-424b-9868-57a2d4851a1d" relativeResultsDirectory="dc2afbd8-80cb-4d73-a63a-df7446f08eb2">
      <Output>
        <ErrorInfo>
          <Message>The Web site path 'D:\TIAN\KULIAH\SEMESTER 6\MPPL\FP\mppl\mppl' does not exist. Tests configured to run in ASP.NET Development Server must specify a valid path to the Web site. Correct the AspNetDevelopmentServerHost attribute for the test. For more information about ASP.NET unit tests, see "How to: Create an ASP.NET Unit Test" (http://go.microsoft.com/fwlink/?LinkId=62608) and "Testing Web Services" (http://go.microsoft.com/fwlink/?LinkId=62609) in the MSDN Library.</Message>
        </ErrorInfo>
      </Output>
    </UnitTestResult>
    <UnitTestResult executionId="931fd51d-454d-45b4-8404-07db2fd700ab" testId="2b05458b-2669-42a0-265b-f0a0096a393d" testName="updateTest" computerName="ALRAZI" startTime="2012-05-26T13:11:52.7772600+07:00" endTime="2012-05-26T13:11:52.7892600+07:00" testType="13cdc9d9-ddb5-4fa4-a97d-d965ccfc6d4b" outcome="Failed" testListId="8c84fa94-04c1-424b-9868-57a2d4851a1d" relativeResultsDirectory="931fd51d-454d-45b4-8404-07db2fd700ab">
      <Output>
        <ErrorInfo>
          <Message>The Web site path 'D:\TIAN\KULIAH\SEMESTER 6\MPPL\FP\mppl\mppl' does not exist. Tests configured to run in ASP.NET Development Server must specify a valid path to the Web site. Correct the AspNetDevelopmentServerHost attribute for the test. For more information about ASP.NET unit tests, see "How to: Create an ASP.NET Unit Test" (http://go.microsoft.com/fwlink/?LinkId=62608) and "Testing Web Services" (http://go.microsoft.com/fwlink/?LinkId=62609) in the MSDN Library.</Message>
        </ErrorInfo>
      </Output>
    </UnitTestResult>
    <UnitTestResult executionId="28efe87b-76b9-431c-9a2b-4f9b9308f269" testId="65d0434f-f0a5-99d5-e83c-4d1cfb69a9a9" testName="PenjelajahDirektoriUiConstructorTest" computerName="ALRAZI" startTime="2012-05-26T13:11:52.7962600+07:00" endTime="2012-05-26T13:11:52.8102600+07:00" testType="13cdc9d9-ddb5-4fa4-a97d-d965ccfc6d4b" outcome="Failed" testListId="8c84fa94-04c1-424b-9868-57a2d4851a1d" relativeResultsDirectory="28efe87b-76b9-431c-9a2b-4f9b9308f269">
      <Output>
        <ErrorInfo>
          <Message>The Web site path 'D:\TIAN\KULIAH\SEMESTER 6\MPPL\FP\mppl\mppl' does not exist. Tests configured to run in ASP.NET Development Server must specify a valid path to the Web site. Correct the AspNetDevelopmentServerHost attribute for the test. For more information about ASP.NET unit tests, see "How to: Create an ASP.NET Unit Test" (http://go.microsoft.com/fwlink/?LinkId=62608) and "Testing Web Services" (http://go.microsoft.com/fwlink/?LinkId=62609) in the MSDN Library.</Message>
        </ErrorInfo>
      </Output>
    </UnitTestResult>
    <UnitTestResult executionId="967542e4-0e0b-4a6e-8a8d-53ca01728c14" testId="cd5f66a4-1649-71a8-b970-8c5a4bee2167" testName="pilihDokumenTest" computerName="ALRAZI" startTime="2012-05-26T13:11:52.8182600+07:00" endTime="2012-05-26T13:11:52.8292600+07:00" testType="13cdc9d9-ddb5-4fa4-a97d-d965ccfc6d4b" outcome="Failed" testListId="8c84fa94-04c1-424b-9868-57a2d4851a1d" relativeResultsDirectory="967542e4-0e0b-4a6e-8a8d-53ca01728c14">
      <Output>
        <ErrorInfo>
          <Message>The Web site path 'D:\TIAN\KULIAH\SEMESTER 6\MPPL\FP\mppl\mppl' does not exist. Tests configured to run in ASP.NET Development Server must specify a valid path to the Web site. Correct the AspNetDevelopmentServerHost attribute for the test. For more information about ASP.NET unit tests, see "How to: Create an ASP.NET Unit Test" (http://go.microsoft.com/fwlink/?LinkId=62608) and "Testing Web Services" (http://go.microsoft.com/fwlink/?LinkId=62609) in the MSDN Library.</Message>
        </ErrorInfo>
      </Output>
    </UnitTestResult>
    <UnitTestResult executionId="bbfbb3c8-1929-4387-ab82-61f2dd54eb16" testId="8f16abe5-f34d-1113-b553-619f972f23f8" testName="tampilkanDirektoriTest" computerName="ALRAZI" startTime="2012-05-26T13:11:52.8402600+07:00" endTime="2012-05-26T13:11:52.8532600+07:00" testType="13cdc9d9-ddb5-4fa4-a97d-d965ccfc6d4b" outcome="Failed" testListId="8c84fa94-04c1-424b-9868-57a2d4851a1d" relativeResultsDirectory="bbfbb3c8-1929-4387-ab82-61f2dd54eb16">
      <Output>
        <ErrorInfo>
          <Message>The Web site path 'D:\TIAN\KULIAH\SEMESTER 6\MPPL\FP\mppl\mppl' does not exist. Tests configured to run in ASP.NET Development Server must specify a valid path to the Web site. Correct the AspNetDevelopmentServerHost attribute for the test. For more information about ASP.NET unit tests, see "How to: Create an ASP.NET Unit Test" (http://go.microsoft.com/fwlink/?LinkId=62608) and "Testing Web Services" (http://go.microsoft.com/fwlink/?LinkId=62609) in the MSDN Library.</Message>
        </ErrorInfo>
      </Output>
    </UnitTestResult>
    <UnitTestResult executionId="772df652-9753-4865-b2ec-909b5a1ad6e3" testId="64ad4b4e-ba6f-e06b-11be-8345bb24fabf" testName="WinnowingConstructorTest" computerName="ALRAZI" startTime="2012-05-26T13:11:52.8612600+07:00" endTime="2012-05-26T13:11:52.8712600+07:00" testType="13cdc9d9-ddb5-4fa4-a97d-d965ccfc6d4b" outcome="Failed" testListId="8c84fa94-04c1-424b-9868-57a2d4851a1d" relativeResultsDirectory="772df652-9753-4865-b2ec-909b5a1ad6e3">
      <Output>
        <ErrorInfo>
          <Message>The Web site path 'D:\TIAN\KULIAH\SEMESTER 6\MPPL\FP\mppl\mppl' does not exist. Tests configured to run in ASP.NET Development Server must specify a valid path to the Web site. Correct the AspNetDevelopmentServerHost attribute for the test. For more information about ASP.NET unit tests, see "How to: Create an ASP.NET Unit Test" (http://go.microsoft.com/fwlink/?LinkId=62608) and "Testing Web Services" (http://go.microsoft.com/fwlink/?LinkId=62609) in the MSDN Library.</Message>
        </ErrorInfo>
      </Output>
    </UnitTestResult>
    <UnitTestResult executionId="1f6db7fb-cae0-42a4-b2dc-62555f7e81da" testId="69773ab7-eeed-a849-da98-e2f091e54fb2" testName="getFingerprintTest" computerName="ALRAZI" startTime="2012-05-26T13:11:52.8792600+07:00" endTime="2012-05-26T13:11:52.8892600+07:00" testType="13cdc9d9-ddb5-4fa4-a97d-d965ccfc6d4b" outcome="Failed" testListId="8c84fa94-04c1-424b-9868-57a2d4851a1d" relativeResultsDirectory="1f6db7fb-cae0-42a4-b2dc-62555f7e81da">
      <Output>
        <ErrorInfo>
          <Message>The Web site path 'D:\TIAN\KULIAH\SEMESTER 6\MPPL\FP\mppl\mppl' does not exist. Tests configured to run in ASP.NET Development Server must specify a valid path to the Web site. Correct the AspNetDevelopmentServerHost attribute for the test. For more information about ASP.NET unit tests, see "How to: Create an ASP.NET Unit Test" (http://go.microsoft.com/fwlink/?LinkId=62608) and "Testing Web Services" (http://go.microsoft.com/fwlink/?LinkId=62609) in the MSDN Library.</Message>
        </ErrorInfo>
      </Output>
    </UnitTestResult>
    <UnitTestResult executionId="7c55c936-b576-4991-a024-50d3fb1f52a5" testId="f827ecbb-9b3f-3337-ba7b-52af22e53528" testName="primeRollingHashTest" computerName="ALRAZI" startTime="2012-05-26T13:11:52.8962600+07:00" endTime="2012-05-26T13:11:52.9072600+07:00" testType="13cdc9d9-ddb5-4fa4-a97d-d965ccfc6d4b" outcome="Failed" testListId="8c84fa94-04c1-424b-9868-57a2d4851a1d" relativeResultsDirectory="7c55c936-b576-4991-a024-50d3fb1f52a5">
      <Output>
        <ErrorInfo>
          <Message>The Web site path 'D:\TIAN\KULIAH\SEMESTER 6\MPPL\FP\mppl\mppl' does not exist. Tests configured to run in ASP.NET Development Server must specify a valid path to the Web site. Correct the AspNetDevelopmentServerHost attribute for the test. For more information about ASP.NET unit tests, see "How to: Create an ASP.NET Unit Test" (http://go.microsoft.com/fwlink/?LinkId=62608) and "Testing Web Services" (http://go.microsoft.com/fwlink/?LinkId=62609) in the MSDN Library.</Message>
        </ErrorInfo>
      </Output>
    </UnitTestResult>
    <UnitTestResult executionId="8660fe1a-ab6c-4d3b-aaa8-566ddca02a8c" testId="d0be2a1b-146a-63d1-0134-b0aaacded6df" testName="rollHashRightTest" computerName="ALRAZI" startTime="2012-05-26T13:11:52.9142600+07:00" endTime="2012-05-26T13:11:52.9252600+07:00" testType="13cdc9d9-ddb5-4fa4-a97d-d965ccfc6d4b" outcome="Failed" testListId="8c84fa94-04c1-424b-9868-57a2d4851a1d" relativeResultsDirectory="8660fe1a-ab6c-4d3b-aaa8-566ddca02a8c">
      <Output>
        <ErrorInfo>
          <Message>The Web site path 'D:\TIAN\KULIAH\SEMESTER 6\MPPL\FP\mppl\mppl' does not exist. Tests configured to run in ASP.NET Development Server must specify a valid path to the Web site. Correct the AspNetDevelopmentServerHost attribute for the test. For more information about ASP.NET unit tests, see "How to: Create an ASP.NET Unit Test" (http://go.microsoft.com/fwlink/?LinkId=62608) and "Testing Web Services" (http://go.microsoft.com/fwlink/?LinkId=62609) in the MSDN Library.</Message>
        </ErrorInfo>
      </Output>
    </UnitTestResult>
    <UnitTestResult executionId="c0c94582-a911-4b36-aec8-42addea448e6" testId="0df9a5a7-4d10-427d-900c-76cba404630d" testName="setHashTest" computerName="ALRAZI" startTime="2012-05-26T13:11:52.9322600+07:00" endTime="2012-05-26T13:11:52.9432600+07:00" testType="13cdc9d9-ddb5-4fa4-a97d-d965ccfc6d4b" outcome="Failed" testListId="8c84fa94-04c1-424b-9868-57a2d4851a1d" relativeResultsDirectory="c0c94582-a911-4b36-aec8-42addea448e6">
      <Output>
        <ErrorInfo>
          <Message>The Web site path 'D:\TIAN\KULIAH\SEMESTER 6\MPPL\FP\mppl\mppl' does not exist. Tests configured to run in ASP.NET Development Server must specify a valid path to the Web site. Correct the AspNetDevelopmentServerHost attribute for the test. For more information about ASP.NET unit tests, see "How to: Create an ASP.NET Unit Test" (http://go.microsoft.com/fwlink/?LinkId=62608) and "Testing Web Services" (http://go.microsoft.com/fwlink/?LinkId=62609) in the MSDN Library.</Message>
        </ErrorInfo>
      </Output>
    </UnitTestResult>
    <UnitTestResult executionId="072868b9-5aa6-438d-ad64-e43bc9c81dbc" testId="fb2baaf1-10c4-c978-111e-182bac5bcfcf" testName="uploadTest" computerName="ALRAZI" startTime="2012-05-26T13:11:52.9502600+07:00" endTime="2012-05-26T13:11:52.9652600+07:00" testType="13cdc9d9-ddb5-4fa4-a97d-d965ccfc6d4b" outcome="Failed" testListId="8c84fa94-04c1-424b-9868-57a2d4851a1d" relativeResultsDirectory="072868b9-5aa6-438d-ad64-e43bc9c81dbc">
      <Output>
        <ErrorInfo>
          <Message>The Web site path 'D:\TIAN\KULIAH\SEMESTER 6\MPPL\FP\mppl\mppl' does not exist. Tests configured to run in ASP.NET Development Server must specify a valid path to the Web site. Correct the AspNetDevelopmentServerHost attribute for the test. For more information about ASP.NET unit tests, see "How to: Create an ASP.NET Unit Test" (http://go.microsoft.com/fwlink/?LinkId=62608) and "Testing Web Services" (http://go.microsoft.com/fwlink/?LinkId=62609) in the MSDN Library.</Message>
        </ErrorInfo>
      </Output>
    </UnitTestResult>
    <UnitTestResult executionId="23863ba5-5211-485e-b8b0-bd00cfe29bc1" testId="b2b6bf34-5d27-7871-c044-b864c55d1bbe" testName="ekstrakPdfTest" computerName="ALRAZI" startTime="2012-05-26T13:11:52.9722600+07:00" endTime="2012-05-26T13:11:52.9842600+07:00" testType="13cdc9d9-ddb5-4fa4-a97d-d965ccfc6d4b" outcome="Failed" testListId="8c84fa94-04c1-424b-9868-57a2d4851a1d" relativeResultsDirectory="23863ba5-5211-485e-b8b0-bd00cfe29bc1">
      <Output>
        <ErrorInfo>
          <Message>The Web site path 'D:\TIAN\KULIAH\SEMESTER 6\MPPL\FP\mppl\mppl' does not exist. Tests configured to run in ASP.NET Development Server must specify a valid path to the Web site. Correct the AspNetDevelopmentServerHost attribute for the test. For more information about ASP.NET unit tests, see "How to: Create an ASP.NET Unit Test" (http://go.microsoft.com/fwlink/?LinkId=62608) and "Testing Web Services" (http://go.microsoft.com/fwlink/?LinkId=62609) in the MSDN Library.</Message>
        </ErrorInfo>
      </Output>
    </UnitTestResult>
    <UnitTestResult executionId="0667c078-55bb-4106-a7a3-e68b0a56753c" testId="65d1fb28-ce52-ca15-ac3b-99d2be3735b6" testName="createFingerPrintTest" computerName="ALRAZI" startTime="2012-05-26T13:11:52.9972600+07:00" endTime="2012-05-26T13:11:53.0082600+07:00" testType="13cdc9d9-ddb5-4fa4-a97d-d965ccfc6d4b" outcome="Failed" testListId="8c84fa94-04c1-424b-9868-57a2d4851a1d" relativeResultsDirectory="0667c078-55bb-4106-a7a3-e68b0a56753c">
      <Output>
        <ErrorInfo>
          <Message>The Web site path 'D:\TIAN\KULIAH\SEMESTER 6\MPPL\FP\mppl\mppl' does not exist. Tests configured to run in ASP.NET Development Server must specify a valid path to the Web site. Correct the AspNetDevelopmentServerHost attribute for the test. For more information about ASP.NET unit tests, see "How to: Create an ASP.NET Unit Test" (http://go.microsoft.com/fwlink/?LinkId=62608) and "Testing Web Services" (http://go.microsoft.com/fwlink/?LinkId=62609) in the MSDN Library.</Message>
        </ErrorInfo>
      </Output>
    </UnitTestResult>
    <UnitTestResult executionId="ea248dbd-d247-47a9-89c7-19f48ad0f2ce" testId="081bdbf6-b6cf-49e4-99f0-f336be370645" testName="ControlCekConstructorTest" computerName="ALRAZI" startTime="2012-05-26T13:11:53.0142600+07:00" endTime="2012-05-26T13:11:53.0372600+07:00" testType="13cdc9d9-ddb5-4fa4-a97d-d965ccfc6d4b" outcome="Failed" testListId="8c84fa94-04c1-424b-9868-57a2d4851a1d" relativeResultsDirectory="ea248dbd-d247-47a9-89c7-19f48ad0f2ce">
      <Output>
        <ErrorInfo>
          <Message>The Web site path 'D:\TIAN\KULIAH\SEMESTER 6\MPPL\FP\mppl\mppl' does not exist. Tests configured to run in ASP.NET Development Server must specify a valid path to the Web site. Correct the AspNetDevelopmentServerHost attribute for the test. For more information about ASP.NET unit tests, see "How to: Create an ASP.NET Unit Test" (http://go.microsoft.com/fwlink/?LinkId=62608) and "Testing Web Services" (http://go.microsoft.com/fwlink/?LinkId=62609) in the MSDN Library.</Message>
        </ErrorInfo>
      </Output>
    </UnitTestResult>
    <UnitTestResult executionId="ce5ec84e-cbd4-469e-904a-afd1c2dd1ff7" testId="f2007434-ce6d-54df-c2eb-a1ab0bc0fa04" testName="prosesCekUiConstructorTest" computerName="ALRAZI" startTime="2012-05-26T13:11:53.0542600+07:00" endTime="2012-05-26T13:11:53.0662600+07:00" testType="13cdc9d9-ddb5-4fa4-a97d-d965ccfc6d4b" outcome="Failed" testListId="8c84fa94-04c1-424b-9868-57a2d4851a1d" relativeResultsDirectory="ce5ec84e-cbd4-469e-904a-afd1c2dd1ff7">
      <Output>
        <ErrorInfo>
          <Message>The Web site path 'D:\TIAN\KULIAH\SEMESTER 6\MPPL\FP\mppl\mppl' does not exist. Tests configured to run in ASP.NET Development Server must specify a valid path to the Web site. Correct the AspNetDevelopmentServerHost attribute for the test. For more information about ASP.NET unit tests, see "How to: Create an ASP.NET Unit Test" (http://go.microsoft.com/fwlink/?LinkId=62608) and "Testing Web Services" (http://go.microsoft.com/fwlink/?LinkId=62609) in the MSDN Library.</Message>
        </ErrorInfo>
      </Output>
    </UnitTestResult>
    <UnitTestResult executionId="b4f837c5-0793-4341-875a-94f10504375e" testId="6214e58f-9145-acdf-2369-49c797787222" testName="setujuBatalCekTest" computerName="ALRAZI" startTime="2012-05-26T13:11:53.0732600+07:00" endTime="2012-05-26T13:11:53.0842600+07:00" testType="13cdc9d9-ddb5-4fa4-a97d-d965ccfc6d4b" outcome="Failed" testListId="8c84fa94-04c1-424b-9868-57a2d4851a1d" relativeResultsDirectory="b4f837c5-0793-4341-875a-94f10504375e">
      <Output>
        <ErrorInfo>
          <Message>The Web site path 'D:\TIAN\KULIAH\SEMESTER 6\MPPL\FP\mppl\mppl' does not exist. Tests configured to run in ASP.NET Development Server must specify a valid path to the Web site. Correct the AspNetDevelopmentServerHost attribute for the test. For more information about ASP.NET unit tests, see "How to: Create an ASP.NET Unit Test" (http://go.microsoft.com/fwlink/?LinkId=62608) and "Testing Web Services" (http://go.microsoft.com/fwlink/?LinkId=62609) in the MSDN Library.</Message>
        </ErrorInfo>
      </Output>
    </UnitTestResult>
    <UnitTestResult executionId="fca16e47-cb31-4ba8-8f39-91cf6897d845" testId="ed30a599-ad27-4551-e708-9963fda8fa65" testName="tampilkanKemajuanTest" computerName="ALRAZI" startTime="2012-05-26T13:11:53.0912600+07:00" endTime="2012-05-26T13:11:53.1042600+07:00" testType="13cdc9d9-ddb5-4fa4-a97d-d965ccfc6d4b" outcome="Failed" testListId="8c84fa94-04c1-424b-9868-57a2d4851a1d" relativeResultsDirectory="fca16e47-cb31-4ba8-8f39-91cf6897d845">
      <Output>
        <ErrorInfo>
          <Message>The Web site path 'D:\TIAN\KULIAH\SEMESTER 6\MPPL\FP\mppl\mppl' does not exist. Tests configured to run in ASP.NET Development Server must specify a valid path to the Web site. Correct the AspNetDevelopmentServerHost attribute for the test. For more information about ASP.NET unit tests, see "How to: Create an ASP.NET Unit Test" (http://go.microsoft.com/fwlink/?LinkId=62608) and "Testing Web Services" (http://go.microsoft.com/fwlink/?LinkId=62609) in the MSDN Library.</Message>
        </ErrorInfo>
      </Output>
    </UnitTestResult>
    <UnitTestResult executionId="fede35ad-1b8a-47e8-80eb-314bc2008851" testId="ab2b4e2d-0e8e-d089-6401-526ffbdc7005" testName="tampilkanKonfirmasiBatalTest" computerName="ALRAZI" startTime="2012-05-26T13:11:53.1112600+07:00" endTime="2012-05-26T13:11:53.1422600+07:00" testType="13cdc9d9-ddb5-4fa4-a97d-d965ccfc6d4b" outcome="Failed" testListId="8c84fa94-04c1-424b-9868-57a2d4851a1d" relativeResultsDirectory="fede35ad-1b8a-47e8-80eb-314bc2008851">
      <Output>
        <ErrorInfo>
          <Message>The Web site path 'D:\TIAN\KULIAH\SEMESTER 6\MPPL\FP\mppl\mppl' does not exist. Tests configured to run in ASP.NET Development Server must specify a valid path to the Web site. Correct the AspNetDevelopmentServerHost attribute for the test. For more information about ASP.NET unit tests, see "How to: Create an ASP.NET Unit Test" (http://go.microsoft.com/fwlink/?LinkId=62608) and "Testing Web Services" (http://go.microsoft.com/fwlink/?LinkId=62609) in the MSDN Library.</Message>
        </ErrorInfo>
      </Output>
    </UnitTestResult>
    <UnitTestResult executionId="a24eb682-e6cf-414d-ad40-7858a554ebf9" testId="3dd04a9a-5865-58e9-cd0f-6276d39b40f2" testName="tampilkanKonfirmasiBatalCekTest" computerName="ALRAZI" startTime="2012-05-26T13:11:53.1492600+07:00" endTime="2012-05-26T13:11:53.1612600+07:00" testType="13cdc9d9-ddb5-4fa4-a97d-d965ccfc6d4b" outcome="Failed" testListId="8c84fa94-04c1-424b-9868-57a2d4851a1d" relativeResultsDirectory="a24eb682-e6cf-414d-ad40-7858a554ebf9">
      <Output>
        <ErrorInfo>
          <Message>The Web site path 'D:\TIAN\KULIAH\SEMESTER 6\MPPL\FP\mppl\mppl' does not exist. Tests configured to run in ASP.NET Development Server must specify a valid path to the Web site. Correct the AspNetDevelopmentServerHost attribute for the test. For more information about ASP.NET unit tests, see "How to: Create an ASP.NET Unit Test" (http://go.microsoft.com/fwlink/?LinkId=62608) and "Testing Web Services" (http://go.microsoft.com/fwlink/?LinkId=62609) in the MSDN Library.</Message>
        </ErrorInfo>
      </Output>
    </UnitTestResult>
    <UnitTestResult executionId="3cf54a03-c843-4717-b4b7-04e3bf7e3d3b" testId="646eff43-91cf-e8c8-52fb-f9c5ad11e7f2" testName="tekanBatalTest" computerName="ALRAZI" startTime="2012-05-26T13:11:53.1682600+07:00" endTime="2012-05-26T13:11:53.2022600+07:00" testType="13cdc9d9-ddb5-4fa4-a97d-d965ccfc6d4b" outcome="Failed" testListId="8c84fa94-04c1-424b-9868-57a2d4851a1d" relativeResultsDirectory="3cf54a03-c843-4717-b4b7-04e3bf7e3d3b">
      <Output>
        <ErrorInfo>
          <Message>The Web site path 'D:\TIAN\KULIAH\SEMESTER 6\MPPL\FP\mppl\mppl' does not exist. Tests configured to run in ASP.NET Development Server must specify a valid path to the Web site. Correct the AspNetDevelopmentServerHost attribute for the test. For more information about ASP.NET unit tests, see "How to: Create an ASP.NET Unit Test" (http://go.microsoft.com/fwlink/?LinkId=62608) and "Testing Web Services" (http://go.microsoft.com/fwlink/?LinkId=62609) in the MSDN Library.</Message>
        </ErrorInfo>
      </Output>
    </UnitTestResult>
    <UnitTestResult executionId="7316e033-53d6-4754-9bb0-6ba6cba38e53" testId="029ed198-0a15-2932-de69-c14e0a743bbe" testName="prosesCekUiConstructorTest1" computerName="ALRAZI" startTime="2012-05-26T13:11:53.3462600+07:00" endTime="2012-05-26T13:11:53.3732600+07:00" testType="13cdc9d9-ddb5-4fa4-a97d-d965ccfc6d4b" outcome="Failed" testListId="8c84fa94-04c1-424b-9868-57a2d4851a1d" relativeResultsDirectory="7316e033-53d6-4754-9bb0-6ba6cba38e53">
      <Output>
        <ErrorInfo>
          <Message>The Web site path 'D:\TIAN\KULIAH\SEMESTER 6\MPPL\FP\mppl\mppl' does not exist. Tests configured to run in ASP.NET Development Server must specify a valid path to the Web site. Correct the AspNetDevelopmentServerHost attribute for the test. For more information about ASP.NET unit tests, see "How to: Create an ASP.NET Unit Test" (http://go.microsoft.com/fwlink/?LinkId=62608) and "Testing Web Services" (http://go.microsoft.com/fwlink/?LinkId=62609) in the MSDN Library.</Message>
        </ErrorInfo>
      </Output>
    </UnitTestResult>
    <UnitTestResult executionId="8290432a-2439-45be-8641-0b42bdcff467" testId="2a3b770d-9df8-f0e4-4e3d-d4895d035b91" testName="setujuBatalCekTest1" computerName="ALRAZI" startTime="2012-05-26T13:11:53.3822600+07:00" endTime="2012-05-26T13:11:53.3942600+07:00" testType="13cdc9d9-ddb5-4fa4-a97d-d965ccfc6d4b" outcome="Failed" testListId="8c84fa94-04c1-424b-9868-57a2d4851a1d" relativeResultsDirectory="8290432a-2439-45be-8641-0b42bdcff467">
      <Output>
        <ErrorInfo>
          <Message>The Web site path 'D:\TIAN\KULIAH\SEMESTER 6\MPPL\FP\mppl\mppl' does not exist. Tests configured to run in ASP.NET Development Server must specify a valid path to the Web site. Correct the AspNetDevelopmentServerHost attribute for the test. For more information about ASP.NET unit tests, see "How to: Create an ASP.NET Unit Test" (http://go.microsoft.com/fwlink/?LinkId=62608) and "Testing Web Services" (http://go.microsoft.com/fwlink/?LinkId=62609) in the MSDN Library.</Message>
        </ErrorInfo>
      </Output>
    </UnitTestResult>
    <UnitTestResult executionId="b8c85657-fa10-4b8c-8f8f-64face7dcacf" testId="eade35ce-1d0d-3ccd-56d1-ce7a9a79260e" testName="tampilkanKemajuanTest1" computerName="ALRAZI" startTime="2012-05-26T13:11:53.4022600+07:00" endTime="2012-05-26T13:11:53.4202600+07:00" testType="13cdc9d9-ddb5-4fa4-a97d-d965ccfc6d4b" outcome="Failed" testListId="8c84fa94-04c1-424b-9868-57a2d4851a1d" relativeResultsDirectory="b8c85657-fa10-4b8c-8f8f-64face7dcacf">
      <Output>
        <ErrorInfo>
          <Message>The Web site path 'D:\TIAN\KULIAH\SEMESTER 6\MPPL\FP\mppl\mppl' does not exist. Tests configured to run in ASP.NET Development Server must specify a valid path to the Web site. Correct the AspNetDevelopmentServerHost attribute for the test. For more information about ASP.NET unit tests, see "How to: Create an ASP.NET Unit Test" (http://go.microsoft.com/fwlink/?LinkId=62608) and "Testing Web Services" (http://go.microsoft.com/fwlink/?LinkId=62609) in the MSDN Library.</Message>
        </ErrorInfo>
      </Output>
    </UnitTestResult>
    <UnitTestResult executionId="49329d7d-6f80-4178-bfc5-b7ab4216981d" testId="75bd2c86-7df5-af67-d323-d4e68456f7d6" testName="tampilkanKonfirmasiBatalTest1" computerName="ALRAZI" startTime="2012-05-26T13:11:53.6362600+07:00" endTime="2012-05-26T13:11:53.6582600+07:00" testType="13cdc9d9-ddb5-4fa4-a97d-d965ccfc6d4b" outcome="Failed" testListId="8c84fa94-04c1-424b-9868-57a2d4851a1d" relativeResultsDirectory="49329d7d-6f80-4178-bfc5-b7ab4216981d">
      <Output>
        <ErrorInfo>
          <Message>The Web site path 'D:\TIAN\KULIAH\SEMESTER 6\MPPL\FP\mppl\mppl' does not exist. Tests configured to run in ASP.NET Development Server must specify a valid path to the Web site. Correct the AspNetDevelopmentServerHost attribute for the test. For more information about ASP.NET unit tests, see "How to: Create an ASP.NET Unit Test" (http://go.microsoft.com/fwlink/?LinkId=62608) and "Testing Web Services" (http://go.microsoft.com/fwlink/?LinkId=62609) in the MSDN Library.</Message>
        </ErrorInfo>
      </Output>
    </UnitTestResult>
    <UnitTestResult executionId="e6cff912-498b-4cd4-9110-a5ae73e3c018" testId="d006c7c5-6a8c-0048-fecf-45dd47684e33" testName="tampilkanKonfirmasiBatalCekTest1" computerName="ALRAZI" startTime="2012-05-26T13:11:53.6692600+07:00" endTime="2012-05-26T13:11:53.6802600+07:00" testType="13cdc9d9-ddb5-4fa4-a97d-d965ccfc6d4b" outcome="Failed" testListId="8c84fa94-04c1-424b-9868-57a2d4851a1d" relativeResultsDirectory="e6cff912-498b-4cd4-9110-a5ae73e3c018">
      <Output>
        <ErrorInfo>
          <Message>The Web site path 'D:\TIAN\KULIAH\SEMESTER 6\MPPL\FP\mppl\mppl' does not exist. Tests configured to run in ASP.NET Development Server must specify a valid path to the Web site. Correct the AspNetDevelopmentServerHost attribute for the test. For more information about ASP.NET unit tests, see "How to: Create an ASP.NET Unit Test" (http://go.microsoft.com/fwlink/?LinkId=62608) and "Testing Web Services" (http://go.microsoft.com/fwlink/?LinkId=62609) in the MSDN Library.</Message>
        </ErrorInfo>
      </Output>
    </UnitTestResult>
    <UnitTestResult executionId="f3c101b1-0d61-4aa1-8990-79811a9b2900" testId="d3240ef7-eafd-c143-6c04-416ff28a9f99" testName="tekanBatalTest1" computerName="ALRAZI" startTime="2012-05-26T13:11:53.6862600+07:00" endTime="2012-05-26T13:11:53.7042600+07:00" testType="13cdc9d9-ddb5-4fa4-a97d-d965ccfc6d4b" outcome="Failed" testListId="8c84fa94-04c1-424b-9868-57a2d4851a1d" relativeResultsDirectory="f3c101b1-0d61-4aa1-8990-79811a9b2900">
      <Output>
        <ErrorInfo>
          <Message>The Web site path 'D:\TIAN\KULIAH\SEMESTER 6\MPPL\FP\mppl\mppl' does not exist. Tests configured to run in ASP.NET Development Server must specify a valid path to the Web site. Correct the AspNetDevelopmentServerHost attribute for the test. For more information about ASP.NET unit tests, see "How to: Create an ASP.NET Unit Test" (http://go.microsoft.com/fwlink/?LinkId=62608) and "Testing Web Services" (http://go.microsoft.com/fwlink/?LinkId=62609) in the MSDN Library.</Message>
        </ErrorInfo>
      </Output>
    </UnitTestResult>
    <UnitTestResult executionId="02f709a1-b07d-4b34-bca0-ec26c30bf528" testId="fa9e1b31-365f-f67e-ab00-96e063b8c7c2" testName="formCekUIConstructorTest" computerName="ALRAZI" startTime="2012-05-26T13:11:53.7102600+07:00" endTime="2012-05-26T13:11:53.7232600+07:00" testType="13cdc9d9-ddb5-4fa4-a97d-d965ccfc6d4b" outcome="Failed" testListId="8c84fa94-04c1-424b-9868-57a2d4851a1d" relativeResultsDirectory="02f709a1-b07d-4b34-bca0-ec26c30bf528">
      <Output>
        <ErrorInfo>
          <Message>The Web site path 'D:\TIAN\KULIAH\SEMESTER 6\MPPL\FP\mppl\mppl' does not exist. Tests configured to run in ASP.NET Development Server must specify a valid path to the Web site. Correct the AspNetDevelopmentServerHost attribute for the test. For more information about ASP.NET unit tests, see "How to: Create an ASP.NET Unit Test" (http://go.microsoft.com/fwlink/?LinkId=62608) and "Testing Web Services" (http://go.microsoft.com/fwlink/?LinkId=62609) in the MSDN Library.</Message>
        </ErrorInfo>
      </Output>
    </UnitTestResult>
    <UnitTestResult executionId="38ea6486-a1be-4321-b1af-dd070a7851d4" testId="fc2d59e7-2976-02db-413a-2cdba087f6d2" testName="pilihModeFileTest" computerName="ALRAZI" startTime="2012-05-26T13:11:53.7332600+07:00" endTime="2012-05-26T13:11:53.7462600+07:00" testType="13cdc9d9-ddb5-4fa4-a97d-d965ccfc6d4b" outcome="Failed" testListId="8c84fa94-04c1-424b-9868-57a2d4851a1d" relativeResultsDirectory="38ea6486-a1be-4321-b1af-dd070a7851d4">
      <Output>
        <ErrorInfo>
          <Message>The Web site path 'D:\TIAN\KULIAH\SEMESTER 6\MPPL\FP\mppl\mppl' does not exist. Tests configured to run in ASP.NET Development Server must specify a valid path to the Web site. Correct the AspNetDevelopmentServerHost attribute for the test. For more information about ASP.NET unit tests, see "How to: Create an ASP.NET Unit Test" (http://go.microsoft.com/fwlink/?LinkId=62608) and "Testing Web Services" (http://go.microsoft.com/fwlink/?LinkId=62609) in the MSDN Library.</Message>
        </ErrorInfo>
      </Output>
    </UnitTestResult>
    <UnitTestResult executionId="49430e57-bb56-4411-ae00-192591039ed9" testId="62c1693d-bab3-3882-cb61-aae989bfe7d6" testName="pilihModeTeksTest" computerName="ALRAZI" startTime="2012-05-26T13:11:53.7552600+07:00" endTime="2012-05-26T13:11:53.7672600+07:00" testType="13cdc9d9-ddb5-4fa4-a97d-d965ccfc6d4b" outcome="Failed" testListId="8c84fa94-04c1-424b-9868-57a2d4851a1d" relativeResultsDirectory="49430e57-bb56-4411-ae00-192591039ed9">
      <Output>
        <ErrorInfo>
          <Message>The Web site path 'D:\TIAN\KULIAH\SEMESTER 6\MPPL\FP\mppl\mppl' does not exist. Tests configured to run in ASP.NET Development Server must specify a valid path to the Web site. Correct the AspNetDevelopmentServerHost attribute for the test. For more information about ASP.NET unit tests, see "How to: Create an ASP.NET Unit Test" (http://go.microsoft.com/fwlink/?LinkId=62608) and "Testing Web Services" (http://go.microsoft.com/fwlink/?LinkId=62609) in the MSDN Library.</Message>
        </ErrorInfo>
      </Output>
    </UnitTestResult>
    <UnitTestResult executionId="e474f0df-755c-4974-a46e-96b88247cf7f" testId="670b3134-0340-dc18-729c-7ad8c4da9d0a" testName="tekanTombolCekTest" computerName="ALRAZI" startTime="2012-05-26T13:11:53.7782600+07:00" endTime="2012-05-26T13:11:53.7892600+07:00" testType="13cdc9d9-ddb5-4fa4-a97d-d965ccfc6d4b" outcome="Failed" testListId="8c84fa94-04c1-424b-9868-57a2d4851a1d" relativeResultsDirectory="e474f0df-755c-4974-a46e-96b88247cf7f">
      <Output>
        <ErrorInfo>
          <Message>The Web site path 'D:\TIAN\KULIAH\SEMESTER 6\MPPL\FP\mppl\mppl' does not exist. Tests configured to run in ASP.NET Development Server must specify a valid path to the Web site. Correct the AspNetDevelopmentServerHost attribute for the test. For more information about ASP.NET unit tests, see "How to: Create an ASP.NET Unit Test" (http://go.microsoft.com/fwlink/?LinkId=62608) and "Testing Web Services" (http://go.microsoft.com/fwlink/?LinkId=62609) in the MSDN Library.</Message>
        </ErrorInfo>
      </Output>
    </UnitTestResult>
    <UnitTestResult executionId="4cb44853-2082-4de5-b46b-5473c6e0aaec" testId="86601b2e-43db-2fe2-36e8-be0b3a78dbe2" testName="controlTambahConstructorTest" computerName="ALRAZI" startTime="2012-05-26T13:11:53.7982600+07:00" endTime="2012-05-26T13:11:53.8102600+07:00" testType="13cdc9d9-ddb5-4fa4-a97d-d965ccfc6d4b" outcome="Failed" testListId="8c84fa94-04c1-424b-9868-57a2d4851a1d" relativeResultsDirectory="4cb44853-2082-4de5-b46b-5473c6e0aaec">
      <Output>
        <ErrorInfo>
          <Message>The Web site path 'D:\TIAN\KULIAH\SEMESTER 6\MPPL\FP\mppl\mppl' does not exist. Tests configured to run in ASP.NET Development Server must specify a valid path to the Web site. Correct the AspNetDevelopmentServerHost attribute for the test. For more information about ASP.NET unit tests, see "How to: Create an ASP.NET Unit Test" (http://go.microsoft.com/fwlink/?LinkId=62608) and "Testing Web Services" (http://go.microsoft.com/fwlink/?LinkId=62609) in the MSDN Library.</Message>
        </ErrorInfo>
      </Output>
    </UnitTestResult>
    <UnitTestResult executionId="13e61232-71e6-4399-8b02-7ff04c73213a" testId="606e1268-e2ae-e9a9-0462-ac7f52ce1c5f" testName="simpanTest" computerName="ALRAZI" startTime="2012-05-26T13:11:53.8192600+07:00" endTime="2012-05-26T13:11:53.8322600+07:00" testType="13cdc9d9-ddb5-4fa4-a97d-d965ccfc6d4b" outcome="Failed" testListId="8c84fa94-04c1-424b-9868-57a2d4851a1d" relativeResultsDirectory="13e61232-71e6-4399-8b02-7ff04c73213a">
      <Output>
        <ErrorInfo>
          <Message>The Web site path 'D:\TIAN\KULIAH\SEMESTER 6\MPPL\FP\mppl\mppl' does not exist. Tests configured to run in ASP.NET Development Server must specify a valid path to the Web site. Correct the AspNetDevelopmentServerHost attribute for the test. For more information about ASP.NET unit tests, see "How to: Create an ASP.NET Unit Test" (http://go.microsoft.com/fwlink/?LinkId=62608) and "Testing Web Services" (http://go.microsoft.com/fwlink/?LinkId=62609) in the MSDN Library.</Message>
        </ErrorInfo>
      </Output>
    </UnitTestResult>
    <UnitTestResult executionId="29898db5-6a34-45c8-a91d-f7fd23cfd3a9" testId="1c58633c-d189-7f46-745a-73c2bc8ac956" testName="uploadDokumenTest" computerName="ALRAZI" startTime="2012-05-26T13:11:53.8412600+07:00" endTime="2012-05-26T13:11:53.8542600+07:00" testType="13cdc9d9-ddb5-4fa4-a97d-d965ccfc6d4b" outcome="Failed" testListId="8c84fa94-04c1-424b-9868-57a2d4851a1d" relativeResultsDirectory="29898db5-6a34-45c8-a91d-f7fd23cfd3a9">
      <Output>
        <ErrorInfo>
          <Message>The Web site path 'D:\TIAN\KULIAH\SEMESTER 6\MPPL\FP\mppl\mppl' does not exist. Tests configured to run in ASP.NET Development Server must specify a valid path to the Web site. Correct the AspNetDevelopmentServerHost attribute for the test. For more information about ASP.NET unit tests, see "How to: Create an ASP.NET Unit Test" (http://go.microsoft.com/fwlink/?LinkId=62608) and "Testing Web Services" (http://go.microsoft.com/fwlink/?LinkId=62609) in the MSDN Library.</Message>
        </ErrorInfo>
      </Output>
    </UnitTestResult>
    <UnitTestResult executionId="3f3172a4-7191-4b6e-85d7-6b16a448725f" testId="380e6108-d79b-4b3b-1d75-88697b5807ae" testName="tambahUIConstructorTest" computerName="ALRAZI" startTime="2012-05-26T13:11:53.8632600+07:00" endTime="2012-05-26T13:11:53.8752600+07:00" testType="13cdc9d9-ddb5-4fa4-a97d-d965ccfc6d4b" outcome="Failed" testListId="8c84fa94-04c1-424b-9868-57a2d4851a1d" relativeResultsDirectory="3f3172a4-7191-4b6e-85d7-6b16a448725f">
      <Output>
        <ErrorInfo>
          <Message>The Web site path 'D:\TIAN\KULIAH\SEMESTER 6\MPPL\FP\mppl\mppl' does not exist. Tests configured to run in ASP.NET Development Server must specify a valid path to the Web site. Correct the AspNetDevelopmentServerHost attribute for the test. For more information about ASP.NET unit tests, see "How to: Create an ASP.NET Unit Test" (http://go.microsoft.com/fwlink/?LinkId=62608) and "Testing Web Services" (http://go.microsoft.com/fwlink/?LinkId=62609) in the MSDN Library.</Message>
        </ErrorInfo>
      </Output>
    </UnitTestResult>
    <UnitTestResult executionId="351f0ebd-a2cf-4380-87a5-4d2c1fc40e8f" testId="7d0e268c-5343-fe7f-2b52-2465929a2ea0" testName="isiDataDokumenTest" computerName="ALRAZI" startTime="2012-05-26T13:11:53.8842600+07:00" endTime="2012-05-26T13:11:53.8962600+07:00" testType="13cdc9d9-ddb5-4fa4-a97d-d965ccfc6d4b" outcome="Failed" testListId="8c84fa94-04c1-424b-9868-57a2d4851a1d" relativeResultsDirectory="351f0ebd-a2cf-4380-87a5-4d2c1fc40e8f">
      <Output>
        <ErrorInfo>
          <Message>The Web site path 'D:\TIAN\KULIAH\SEMESTER 6\MPPL\FP\mppl\mppl' does not exist. Tests configured to run in ASP.NET Development Server must specify a valid path to the Web site. Correct the AspNetDevelopmentServerHost attribute for the test. For more information about ASP.NET unit tests, see "How to: Create an ASP.NET Unit Test" (http://go.microsoft.com/fwlink/?LinkId=62608) and "Testing Web Services" (http://go.microsoft.com/fwlink/?LinkId=62609) in the MSDN Library.</Message>
        </ErrorInfo>
      </Output>
    </UnitTestResult>
  </Results>
</TestRun>